[2020-06-29T21:10:09.872+0300][0.096s][info][gc] Using Serial
[2020-06-29T21:14:13.015+0300][243.239s][info][gc] GC(0) Pause Young (Allocation Failure) 546M->241M(1979M) 2723.643ms
[2020-06-29T21:17:43.968+0300][454.194s][info][gc] GC(1) Pause Young (Allocation Failure) 787M->473M(1979M) 6068.594ms
[2020-06-29T21:21:31.450+0300][681.675s][info][gc] GC(2) Pause Young (Allocation Failure) 1019M->832M(1979M) 3927.384ms
[2020-06-29T21:25:16.873+0300][903.785s][info][gc] GC(3) Pause Young (Allocation Failure) 1202M->1011M(1979M) 2685.505ms
[2020-06-29T21:28:09.462+0300][1076.367s][info][gc] GC(4) Pause Young (Allocation Failure) 1557M->1414M(1979M) 3974.847ms
[2020-06-29T21:32:43.466+0300][1350.379s][info][gc] GC(5) Pause Young (Allocation Failure) 1866M->1866M(1979M) 10.177ms
[2020-06-29T21:33:25.027+0300][1391.938s][info][gc] GC(6) Pause Full (Allocation Failure) 1866M->1337M(1979M) 41553.302ms
[2020-06-29T21:34:54.243+0300][1481.151s][info][gc] GC(7) Pause Young (Allocation Failure) 1883M->1883M(1979M) 3.693ms
[2020-06-29T21:35:21.430+0300][1508.340s][info][gc] GC(8) Pause Full (Allocation Failure) 1883M->1542M(1979M) 27185.980ms
[2020-06-29T21:58:02.870+0300][2869.772s][info][gc] GC(9) Pause Full (Allocation Failure) 1979M->1824M(1979M) 52114.584ms
[2020-06-29T22:00:33.707+0300][3020.607s][info][gc] GC(10) Pause Full (Allocation Failure) 1979M->1830M(1979M) 33031.664ms
[2020-06-29T22:03:03.643+0300][3170.550s][info][gc] GC(11) Pause Full (Allocation Failure) 1979M->1960M(1979M) 45394.777ms
[2020-06-29T22:03:56.088+0300][3223.001s][info][gc] GC(12) Pause Full (Allocation Failure) 1979M->1969M(1979M) 36514.168ms
[2020-06-29T22:04:17.777+0300][3244.681s][info][gc] GC(13) Pause Full (Allocation Failure) 1979M->1974M(1979M) 14823.006ms
[2020-06-29T22:04:35.454+0300][3262.352s][info][gc] GC(14) Pause Full (Allocation Failure) 1979M->1919M(1979M) 14315.339ms
[2020-06-29T22:05:29.575+0300][3316.485s][info][gc] GC(15) Pause Full (Allocation Failure) 1979M->1978M(1979M) 14286.573ms
[2020-06-29T22:05:44.394+0300][3331.300s][info][gc] GC(16) Pause Full (Allocation Failure) 1979M->1978M(1979M) 14055.114ms
[2020-06-29T22:05:58.912+0300][3345.812s][info][gc] GC(17) Pause Full (Allocation Failure) 1979M->1979M(1979M) 14153.578ms
[2020-06-29T22:06:13.227+0300][3360.125s][info][gc] GC(18) Pause Full (Allocation Failure) 1979M->1949M(1979M) 14114.596ms
[2020-06-29T22:06:47.939+0300][3394.848s][info][gc] GC(19) Pause Full (Allocation Failure) 1979M->1979M(1979M) 13569.742ms
[2020-06-29T22:07:03.890+0300][3410.788s][info][gc] GC(20) Pause Full (Allocation Failure) 1979M->1979M(1979M) 15891.019ms
[2020-06-29T22:07:20.592+0300][3427.503s][info][gc] GC(21) Pause Full (Allocation Failure) 1979M->1979M(1979M) 16685.680ms
[2020-06-29T22:07:40.118+0300][3447.016s][info][gc] GC(22) Pause Full (Allocation Failure) 1979M->1964M(1979M) 19494.125ms
[2020-06-29T22:08:14.268+0300][3481.166s][info][gc] GC(23) Pause Full (Allocation Failure) 1979M->1979M(1979M) 20766.332ms
[2020-06-29T22:08:33.366+0300][3500.265s][info][gc] GC(24) Pause Full (Allocation Failure) 1979M->1979M(1979M) 19089.751ms
[2020-06-29T22:08:49.792+0300][3516.696s][info][gc] GC(25) Pause Full (Allocation Failure) 1979M->1979M(1979M) 16421.232ms
[2020-06-29T22:09:08.540+0300][3535.443s][info][gc] GC(26) Pause Full (Allocation Failure) 1979M->1971M(1979M) 18714.914ms
[2020-06-29T22:09:34.556+0300][3561.460s][info][gc] GC(27) Pause Full (Allocation Failure) 1979M->1979M(1979M) 20447.486ms
[2020-06-29T22:09:49.872+0300][3576.769s][info][gc] GC(28) Pause Full (Allocation Failure) 1979M->1979M(1979M) 15275.979ms
[2020-06-29T22:10:19.403+0300][3606.302s][info][gc] GC(29) Pause Full (Allocation Failure) 1979M->1979M(1979M) 29526.070ms
[2020-06-29T22:10:46.480+0300][3633.379s][info][gc] GC(30) Pause Full (Allocation Failure) 1979M->1975M(1979M) 27025.446ms
[2020-06-29T22:11:09.948+0300][3656.848s][info][gc] GC(31) Pause Full (Allocation Failure) 1979M->1979M(1979M) 19115.874ms
[2020-06-29T22:11:29.929+0300][3676.827s][info][gc] GC(32) Pause Full (Allocation Failure) 1979M->1979M(1979M) 19845.145ms
[2020-06-29T22:11:47.732+0300][3694.630s][info][gc] GC(33) Pause Full (Allocation Failure) 1979M->1979M(1979M) 17779.126ms
[2020-06-29T22:12:03.740+0300][3710.645s][info][gc] GC(34) Pause Full (Allocation Failure) 1979M->1977M(1979M) 15996.498ms
[2020-06-29T22:12:20.917+0300][3727.828s][info][gc] GC(35) Pause Full (Allocation Failure) 1979M->1979M(1979M) 15500.699ms
[2020-06-29T22:12:35.450+0300][3742.349s][info][gc] GC(36) Pause Full (Allocation Failure) 1979M->1979M(1979M) 14471.696ms
[2020-06-29T22:12:50.782+0300][3757.680s][info][gc] GC(37) Pause Full (Allocation Failure) 1979M->1979M(1979M) 15328.869ms
[2020-06-29T22:13:05.816+0300][3772.715s][info][gc] GC(38) Pause Full (Allocation Failure) 1979M->1978M(1979M) 15027.340ms
[2020-06-29T22:13:20.863+0300][3787.761s][info][gc] GC(39) Pause Full (Allocation Failure) 1979M->1979M(1979M) 14301.648ms
[2020-06-29T22:13:34.996+0300][3801.895s][info][gc] GC(40) Pause Full (Allocation Failure) 1979M->1979M(1979M) 14132.083ms
[2020-06-29T22:13:49.815+0300][3816.713s][info][gc] GC(41) Pause Full (Allocation Failure) 1979M->1979M(1979M) 14817.077ms
[2020-06-29T22:14:04.621+0300][3831.518s][info][gc] GC(42) Pause Full (Allocation Failure) 1979M->1979M(1979M) 14804.068ms
[2020-06-29T22:14:19.707+0300][3846.605s][info][gc] GC(43) Pause Full (Allocation Failure) 1979M->1979M(1979M) 14666.628ms
[2020-06-29T22:14:35.569+0300][3862.470s][info][gc] GC(44) Pause Full (Allocation Failure) 1979M->1979M(1979M) 15863.071ms
[2020-06-29T22:14:54.137+0300][3881.036s][info][gc] GC(45) Pause Full (Allocation Failure) 1979M->1979M(1979M) 18564.500ms
[2020-06-29T22:15:11.389+0300][3898.287s][info][gc] GC(46) Pause Full (Allocation Failure) 1979M->1979M(1979M) 17248.708ms
[2020-06-29T22:15:26.395+0300][3913.293s][info][gc] GC(47) Pause Full (Allocation Failure) 1979M->1979M(1979M) 14889.052ms
[2020-06-29T22:15:42.131+0300][3929.029s][info][gc] GC(48) Pause Full (Allocation Failure) 1979M->1979M(1979M) 15728.755ms
[2020-06-29T22:15:58.052+0300][3944.955s][info][gc] GC(49) Pause Full (Allocation Failure) 1979M->1979M(1979M) 15921.609ms
[2020-06-29T22:16:13.520+0300][3960.425s][info][gc] GC(50) Pause Full (Allocation Failure) 1979M->1979M(1979M) 15447.916ms
[2020-06-29T22:16:29.532+0300][3976.430s][info][gc] GC(51) Pause Full (Allocation Failure) 1979M->1979M(1979M) 15896.456ms
[2020-06-29T22:16:45.376+0300][3992.274s][info][gc] GC(52) Pause Full (Allocation Failure) 1979M->1979M(1979M) 15840.454ms
[2020-06-29T22:17:00.710+0300][4007.608s][info][gc] GC(53) Pause Full (Allocation Failure) 1979M->1979M(1979M) 15299.394ms
[2020-06-29T22:17:16.607+0300][4023.506s][info][gc] GC(54) Pause Full (Allocation Failure) 1979M->1979M(1979M) 15894.122ms
[2020-06-29T22:17:32.713+0300][4039.622s][info][gc] GC(55) Pause Full (Allocation Failure) 1979M->1979M(1979M) 16102.613ms
[2020-06-29T22:17:49.396+0300][4056.294s][info][gc] GC(56) Pause Full (Allocation Failure) 1979M->1979M(1979M) 16666.793ms
[2020-06-29T22:18:05.752+0300][4072.650s][info][gc] GC(57) Pause Full (Allocation Failure) 1979M->1979M(1979M) 16220.228ms
[2020-06-29T22:18:21.003+0300][4087.901s][info][gc] GC(58) Pause Full (Allocation Failure) 1979M->1979M(1979M) 15246.798ms
[2020-06-29T22:18:36.462+0300][4103.373s][info][gc] GC(59) Pause Full (Allocation Failure) 1979M->1979M(1979M) 15293.663ms
[2020-06-29T22:18:52.002+0300][4118.900s][info][gc] GC(60) Pause Full (Allocation Failure) 1979M->1979M(1979M) 15477.770ms
[2020-06-29T22:19:07.247+0300][4134.144s][info][gc] GC(61) Pause Full (Allocation Failure) 1979M->1979M(1979M) 15214.766ms
[2020-06-29T22:19:22.544+0300][4149.441s][info][gc] GC(62) Pause Full (Allocation Failure) 1979M->1979M(1979M) 15289.860ms
[2020-06-29T22:19:37.032+0300][4163.930s][info][gc] GC(63) Pause Full (Allocation Failure) 1979M->1979M(1979M) 14480.364ms
[2020-06-29T22:19:51.453+0300][4178.352s][info][gc] GC(64) Pause Full (Allocation Failure) 1979M->1979M(1979M) 14414.981ms
[2020-06-29T22:20:08.533+0300][4195.433s][info][gc] GC(65) Pause Full (Allocation Failure) 1979M->1979M(1979M) 17073.409ms
[2020-06-29T22:20:31.609+0300][4218.507s][info][gc] GC(66) Pause Full (Allocation Failure) 1979M->1979M(1979M) 23071.420ms
[2020-06-29T22:20:46.761+0300][4233.659s][info][gc] GC(67) Pause Full (Allocation Failure) 1979M->1979M(1979M) 15145.712ms
[2020-06-29T22:21:03.785+0300][4250.684s][info][gc] GC(68) Pause Full (Allocation Failure) 1979M->1979M(1979M) 17023.309ms
[2020-06-29T22:21:18.403+0300][4265.301s][info][gc] GC(69) Pause Full (Allocation Failure) 1979M->1979M(1979M) 14611.141ms
[2020-06-29T22:21:35.941+0300][4282.839s][info][gc] GC(70) Pause Full (Allocation Failure) 1979M->1979M(1979M) 17537.106ms
[2020-06-29T22:21:51.199+0300][4298.107s][info][gc] GC(71) Pause Full (Allocation Failure) 1979M->1979M(1979M) 15263.380ms
[2020-06-29T22:22:09.049+0300][4315.962s][info][gc] GC(72) Pause Full (Allocation Failure) 1979M->1979M(1979M) 17854.079ms
[2020-06-29T22:22:25.240+0300][4332.139s][info][gc] GC(73) Pause Full (Allocation Failure) 1979M->1979M(1979M) 16175.272ms
[2020-06-29T22:22:44.413+0300][4351.313s][info][gc] GC(74) Pause Full (Allocation Failure) 1979M->1979M(1979M) 19173.415ms
[2020-06-29T22:23:01.072+0300][4367.980s][info][gc] GC(75) Pause Full (Allocation Failure) 1979M->1979M(1979M) 16634.072ms
[2020-06-29T22:23:17.881+0300][4384.792s][info][gc] GC(76) Pause Full (Allocation Failure) 1979M->1979M(1979M) 16809.809ms
[2020-06-29T22:23:36.196+0300][4403.096s][info][gc] GC(77) Pause Full (Allocation Failure) 1979M->1979M(1979M) 18285.260ms
[2020-06-29T22:23:50.778+0300][4417.683s][info][gc] GC(78) Pause Full (Allocation Failure) 1979M->1979M(1979M) 14580.626ms
[2020-06-29T22:24:05.329+0300][4432.227s][info][gc] GC(79) Pause Full (Allocation Failure) 1979M->1979M(1979M) 14513.549ms
[2020-06-29T22:24:20.464+0300][4447.362s][info][gc] GC(80) Pause Full (Allocation Failure) 1979M->1979M(1979M) 15135.135ms
[2020-06-29T22:24:34.858+0300][4461.756s][info][gc] GC(81) Pause Full (Allocation Failure) 1979M->1979M(1979M) 14390.308ms
[2020-06-29T22:24:49.302+0300][4476.200s][info][gc] GC(82) Pause Full (Allocation Failure) 1979M->1979M(1979M) 14443.709ms
[2020-06-29T22:25:04.158+0300][4491.056s][info][gc] GC(83) Pause Full (Allocation Failure) 1979M->1979M(1979M) 14850.568ms
[2020-06-29T22:25:18.581+0300][4505.479s][info][gc] GC(84) Pause Full (Allocation Failure) 1979M->1979M(1979M) 14422.932ms
[2020-06-29T22:25:33.159+0300][4520.057s][info][gc] GC(85) Pause Full (Allocation Failure) 1979M->1979M(1979M) 14571.921ms
[2020-06-29T22:25:49.280+0300][4536.177s][info][gc] GC(86) Pause Full (Allocation Failure) 1979M->1979M(1979M) 16120.066ms
[2020-06-29T22:26:03.753+0300][4550.651s][info][gc] GC(87) Pause Full (Allocation Failure) 1979M->1979M(1979M) 14465.344ms
[2020-06-29T22:26:18.169+0300][4565.067s][info][gc] GC(88) Pause Full (Allocation Failure) 1979M->1979M(1979M) 14415.582ms
[2020-06-29T22:26:33.601+0300][4580.511s][info][gc] GC(89) Pause Full (Allocation Failure) 1979M->1979M(1979M) 15437.243ms
[2020-06-29T22:26:48.611+0300][4595.510s][info][gc] GC(90) Pause Full (Allocation Failure) 1979M->1979M(1979M) 14998.678ms
[2020-06-29T22:27:03.514+0300][4610.412s][info][gc] GC(91) Pause Full (Allocation Failure) 1979M->1979M(1979M) 14878.651ms
[2020-06-29T22:27:22.209+0300][4629.107s][info][gc] GC(92) Pause Full (Allocation Failure) 1979M->1979M(1979M) 18695.015ms
[2020-06-29T22:27:38.663+0300][4645.574s][info][gc] GC(93) Pause Full (Allocation Failure) 1979M->1979M(1979M) 16461.759ms
[2020-06-29T22:27:55.852+0300][4662.763s][info][gc] GC(94) Pause Full (Allocation Failure) 1979M->1979M(1979M) 17188.506ms
[2020-06-29T22:28:10.863+0300][4677.760s][info][gc] GC(95) Pause Full (Allocation Failure) 1979M->1979M(1979M) 14901.464ms
[2020-06-29T22:28:28.673+0300][4695.571s][info][gc] GC(96) Pause Full (Allocation Failure) 1979M->1979M(1979M) 17809.910ms
[2020-06-29T22:28:43.053+0300][4709.952s][info][gc] GC(97) Pause Full (Allocation Failure) 1979M->1979M(1979M) 14375.350ms
[2020-06-29T22:28:57.518+0300][4724.416s][info][gc] GC(98) Pause Full (Allocation Failure) 1979M->1979M(1979M) 14463.378ms
[2020-06-29T22:29:11.992+0300][4738.900s][info][gc] GC(99) Pause Full (Allocation Failure) 1979M->1979M(1979M) 14477.813ms
[2020-06-29T22:29:26.100+0300][4752.998s][info][gc] GC(100) Pause Full (Allocation Failure) 1979M->1979M(1979M) 14097.860ms
[2020-06-29T22:29:40.244+0300][4767.143s][info][gc] GC(101) Pause Full (Allocation Failure) 1979M->1979M(1979M) 14143.168ms
[2020-06-29T22:29:54.994+0300][4781.905s][info][gc] GC(102) Pause Full (Allocation Failure) 1979M->1979M(1979M) 14761.942ms
[2020-06-29T22:30:14.470+0300][4801.369s][info][gc] GC(103) Pause Full (Allocation Failure) 1979M->1979M(1979M) 19445.881ms
[2020-06-29T22:30:29.790+0300][4816.695s][info][gc] GC(104) Pause Full (Allocation Failure) 1979M->1979M(1979M) 15325.975ms
[2020-06-29T22:30:44.366+0300][4831.264s][info][gc] GC(105) Pause Full (Allocation Failure) 1979M->1979M(1979M) 14560.908ms
[2020-06-29T22:30:59.502+0300][4846.413s][info][gc] GC(106) Pause Full (Allocation Failure) 1979M->1979M(1979M) 15148.823ms
[2020-06-29T22:31:13.863+0300][4860.761s][info][gc] GC(107) Pause Full (Allocation Failure) 1979M->1979M(1979M) 14330.091ms
[2020-06-29T22:31:28.176+0300][4875.075s][info][gc] GC(108) Pause Full (Allocation Failure) 1979M->1979M(1979M) 14313.110ms
[2020-06-29T22:31:42.307+0300][4889.205s][info][gc] GC(109) Pause Full (Allocation Failure) 1979M->1979M(1979M) 14118.404ms
[2020-06-29T22:31:56.453+0300][4903.351s][info][gc] GC(110) Pause Full (Allocation Failure) 1979M->1979M(1979M) 14145.048ms
[2020-06-29T22:32:10.486+0300][4917.384s][info][gc] GC(111) Pause Full (Allocation Failure) 1979M->1979M(1979M) 14024.671ms
[2020-06-29T22:32:24.508+0300][4931.405s][info][gc] GC(112) Pause Full (Allocation Failure) 1979M->1979M(1979M) 14020.948ms
[2020-06-29T22:32:38.995+0300][4945.898s][info][gc] GC(113) Pause Full (Allocation Failure) 1979M->1979M(1979M) 14483.379ms
[2020-06-29T22:32:53.289+0300][4960.188s][info][gc] GC(114) Pause Full (Allocation Failure) 1979M->1979M(1979M) 14289.367ms
[2020-06-29T22:33:07.591+0300][4974.489s][info][gc] GC(115) Pause Full (Allocation Failure) 1979M->1979M(1979M) 14295.987ms
[2020-06-29T22:33:21.649+0300][4988.547s][info][gc] GC(116) Pause Full (Allocation Failure) 1979M->1979M(1979M) 14057.444ms
[2020-06-29T22:33:35.708+0300][5002.605s][info][gc] GC(117) Pause Full (Allocation Failure) 1979M->1979M(1979M) 14051.062ms
[2020-06-29T22:33:49.789+0300][5016.687s][info][gc] GC(118) Pause Full (Allocation Failure) 1979M->1979M(1979M) 14081.442ms
[2020-06-29T22:34:03.870+0300][5030.768s][info][gc] GC(119) Pause Full (Allocation Failure) 1979M->1979M(1979M) 14075.899ms
[2020-06-29T22:34:18.443+0300][5045.341s][info][gc] GC(120) Pause Full (Allocation Failure) 1979M->1979M(1979M) 14572.676ms
[2020-06-29T22:34:32.695+0300][5059.593s][info][gc] GC(121) Pause Full (Allocation Failure) 1979M->1979M(1979M) 14243.790ms
[2020-06-29T22:34:47.362+0300][5074.261s][info][gc] GC(122) Pause Full (Allocation Failure) 1979M->1979M(1979M) 14667.275ms
[2020-06-29T22:35:07.065+0300][5093.963s][info][gc] GC(123) Pause Full (Allocation Failure) 1979M->1979M(1979M) 19694.792ms
[2020-06-29T22:35:25.348+0300][5112.254s][info][gc] GC(124) Pause Full (Allocation Failure) 1979M->1979M(1979M) 18291.088ms
[2020-06-29T22:35:41.277+0300][5128.175s][info][gc] GC(125) Pause Full (Allocation Failure) 1979M->1979M(1979M) 15912.279ms
[2020-06-29T22:35:59.288+0300][5146.187s][info][gc] GC(126) Pause Full (Allocation Failure) 1979M->1979M(1979M) 18011.133ms
[2020-06-29T22:36:24.229+0300][5171.141s][info][gc] GC(127) Pause Full (Allocation Failure) 1979M->1979M(1979M) 24485.431ms
[2020-06-29T22:36:53.202+0300][5200.102s][info][gc] GC(128) Pause Full (Allocation Failure) 1979M->1979M(1979M) 28945.448ms
[2020-06-29T22:37:14.889+0300][5221.788s][info][gc] GC(129) Pause Full (Allocation Failure) 1979M->1979M(1979M) 21314.486ms
[2020-06-29T22:37:32.373+0300][5239.276s][info][gc] GC(130) Pause Full (Allocation Failure) 1979M->1979M(1979M) 17478.314ms
[2020-06-29T22:37:48.576+0300][5255.474s][info][gc] GC(131) Pause Full (Allocation Failure) 1979M->1979M(1979M) 16171.171ms
[2020-06-29T22:38:06.234+0300][5273.143s][info][gc] GC(132) Pause Full (Allocation Failure) 1979M->1979M(1979M) 17662.095ms
[2020-06-29T22:38:23.470+0300][5290.369s][info][gc] GC(133) Pause Full (Allocation Failure) 1979M->1979M(1979M) 17200.821ms
[2020-06-29T22:38:43.872+0300][5310.771s][info][gc] GC(134) Pause Full (Allocation Failure) 1979M->1979M(1979M) 20400.098ms
[2020-06-29T22:38:59.718+0300][5326.616s][info][gc] GC(135) Pause Full (Allocation Failure) 1979M->1979M(1979M) 15834.325ms
[2020-06-29T22:39:14.858+0300][5341.756s][info][gc] GC(136) Pause Full (Allocation Failure) 1979M->1979M(1979M) 15139.834ms
[2020-06-29T22:39:29.231+0300][5356.129s][info][gc] GC(137) Pause Full (Allocation Failure) 1979M->1979M(1979M) 14364.882ms
[2020-06-29T22:39:43.250+0300][5370.149s][info][gc] GC(138) Pause Full (Allocation Failure) 1979M->1979M(1979M) 14019.743ms
[2020-06-29T22:39:57.267+0300][5384.166s][info][gc] GC(139) Pause Full (Allocation Failure) 1979M->1979M(1979M) 14009.483ms
[2020-06-29T22:40:11.790+0300][5398.688s][info][gc] GC(140) Pause Full (Allocation Failure) 1979M->1979M(1979M) 14522.110ms
[2020-06-29T22:40:26.668+0300][5413.567s][info][gc] GC(141) Pause Full (Allocation Failure) 1979M->1979M(1979M) 14869.913ms
[2020-06-29T22:40:42.036+0300][5428.933s][info][gc] GC(142) Pause Full (Allocation Failure) 1979M->1979M(1979M) 15366.531ms
[2020-06-29T22:40:56.724+0300][5443.622s][info][gc] GC(143) Pause Full (Allocation Failure) 1979M->1979M(1979M) 14680.783ms
[2020-06-29T22:41:10.517+0300][5457.415s][info][gc] GC(144) Pause Full (Allocation Failure) 1979M->1979M(1979M) 13792.625ms
[2020-06-29T22:41:24.328+0300][5471.225s][info][gc] GC(145) Pause Full (Allocation Failure) 1979M->1979M(1979M) 13802.561ms
[2020-06-29T22:41:38.556+0300][5485.454s][info][gc] GC(146) Pause Full (Allocation Failure) 1979M->1979M(1979M) 14228.460ms
[2020-06-29T22:41:56.639+0300][5503.540s][info][gc] GC(147) Pause Full (Allocation Failure) 1979M->1979M(1979M) 18081.512ms
[2020-06-29T22:42:15.146+0300][5522.044s][info][gc] GC(148) Pause Full (Allocation Failure) 1979M->1979M(1979M) 18503.667ms
[2020-06-29T22:42:32.681+0300][5539.581s][info][gc] GC(149) Pause Full (Allocation Failure) 1979M->1979M(1979M) 17499.864ms
[2020-06-29T22:42:49.462+0300][5556.360s][info][gc] GC(150) Pause Full (Allocation Failure) 1979M->1979M(1979M) 16768.709ms
[2020-06-29T22:43:04.517+0300][5571.416s][info][gc] GC(151) Pause Full (Allocation Failure) 1979M->1979M(1979M) 15023.971ms
[2020-06-29T22:43:18.622+0300][5585.520s][info][gc] GC(152) Pause Full (Allocation Failure) 1979M->1979M(1979M) 14104.354ms
[2020-06-29T22:43:32.890+0300][5599.788s][info][gc] GC(153) Pause Full (Allocation Failure) 1979M->1979M(1979M) 14251.824ms
[2020-06-29T22:43:47.008+0300][5613.906s][info][gc] GC(154) Pause Full (Allocation Failure) 1979M->1979M(1979M) 14117.417ms
[2020-06-29T22:44:01.410+0300][5628.308s][info][gc] GC(155) Pause Full (Allocation Failure) 1979M->1979M(1979M) 14395.169ms
