[2020-06-26T22:49:05.759+0300][0.095s][info][gc] Using Parallel
[2020-06-26T22:49:31.036+0300][25.372s][info][gc] GC(0) Pause Young (Allocation Failure) 64M->27M(245M) 222.595ms
[2020-06-26T22:49:59.526+0300][53.862s][info][gc] GC(1) Pause Young (Allocation Failure) 84M->53M(245M) 515.859ms
[2020-06-26T22:50:40.810+0300][95.145s][info][gc] GC(2) Pause Young (Allocation Failure) 117M->77M(245M) 419.208ms
[2020-06-26T22:51:06.675+0300][121.010s][info][gc] GC(3) Pause Young (Allocation Failure) 141M->120M(245M) 983.986ms
[2020-06-26T22:51:47.964+0300][162.300s][info][gc] GC(4) Pause Full (Ergonomics) 219M->146M(245M) 2251.027ms
[2020-06-26T22:52:28.383+0300][202.719s][info][gc] GC(5) Pause Full (Ergonomics) 210M->176M(245M) 3374.362ms
[2020-06-26T22:52:33.768+0300][208.104s][info][gc] GC(6) Pause Full (Ergonomics) 234M->196M(245M) 2314.465ms
[2020-06-26T22:52:43.087+0300][217.423s][info][gc] GC(7) Pause Full (Ergonomics) 207M->201M(245M) 3273.086ms
[2020-06-26T22:52:49.584+0300][223.920s][info][gc] GC(8) Pause Full (Ergonomics) 207M->204M(245M) 3352.180ms
[2020-06-26T22:52:55.697+0300][230.033s][info][gc] GC(9) Pause Full (Ergonomics) 207M->205M(245M) 3706.684ms
[2020-06-26T22:52:59.312+0300][233.648s][info][gc] GC(10) Pause Full (Ergonomics) 207M->206M(245M) 2604.057ms
[2020-06-26T22:53:02.238+0300][236.573s][info][gc] GC(11) Pause Full (Ergonomics) 207M->206M(245M) 2499.606ms
[2020-06-26T22:53:05.407+0300][239.743s][info][gc] GC(12) Pause Full (Ergonomics) 207M->206M(245M) 2850.172ms
[2020-06-26T22:53:07.886+0300][242.222s][info][gc] GC(13) Pause Full (Ergonomics) 207M->206M(245M) 2448.639ms
[2020-06-26T22:53:10.348+0300][244.684s][info][gc] GC(14) Pause Full (Ergonomics) 207M->206M(245M) 2432.199ms
[2020-06-26T22:53:12.629+0300][246.964s][info][gc] GC(15) Pause Full (Ergonomics) 207M->206M(245M) 2277.000ms
[2020-06-26T22:53:14.502+0300][248.837s][info][gc] GC(16) Pause Full (Ergonomics) 207M->206M(245M) 1870.676ms
[2020-06-26T22:53:16.403+0300][250.739s][info][gc] GC(17) Pause Full (Ergonomics) 207M->207M(245M) 1900.391ms
[2020-06-26T22:53:18.328+0300][252.664s][info][gc] GC(18) Pause Full (Ergonomics) 207M->207M(245M) 1923.653ms
[2020-06-26T22:53:20.220+0300][254.555s][info][gc] GC(19) Pause Full (Ergonomics) 207M->207M(245M) 1888.240ms
[2020-06-26T22:53:22.523+0300][256.859s][info][gc] GC(20) Pause Full (Ergonomics) 207M->207M(245M) 2302.903ms
[2020-06-26T22:53:24.652+0300][258.988s][info][gc] GC(21) Pause Full (Ergonomics) 207M->207M(245M) 2127.533ms
[2020-06-26T22:53:26.677+0300][261.012s][info][gc] GC(22) Pause Full (Ergonomics) 207M->207M(245M) 2023.581ms
[2020-06-26T22:53:28.784+0300][263.120s][info][gc] GC(23) Pause Full (Ergonomics) 207M->207M(245M) 2106.504ms
[2020-06-26T22:53:30.675+0300][265.011s][info][gc] GC(24) Pause Full (Ergonomics) 207M->207M(245M) 1889.694ms
[2020-06-26T22:53:33.171+0300][267.506s][info][gc] GC(25) Pause Full (Ergonomics) 207M->207M(245M) 2493.791ms
[2020-06-26T22:53:35.352+0300][269.687s][info][gc] GC(26) Pause Full (Ergonomics) 207M->207M(245M) 2180.364ms
[2020-06-26T22:53:37.741+0300][272.077s][info][gc] GC(27) Pause Full (Ergonomics) 207M->207M(245M) 2388.169ms
[2020-06-26T22:53:39.769+0300][274.105s][info][gc] GC(28) Pause Full (Ergonomics) 207M->207M(245M) 2026.944ms
[2020-06-26T22:53:41.736+0300][276.072s][info][gc] GC(29) Pause Full (Ergonomics) 207M->207M(245M) 1965.579ms
[2020-06-26T22:53:44.070+0300][278.406s][info][gc] GC(30) Pause Full (Ergonomics) 207M->207M(245M) 2333.806ms
[2020-06-26T22:53:46.230+0300][280.566s][info][gc] GC(31) Pause Full (Ergonomics) 207M->207M(245M) 2158.617ms
[2020-06-26T22:53:48.266+0300][282.601s][info][gc] GC(32) Pause Full (Ergonomics) 207M->207M(245M) 2033.622ms
[2020-06-26T22:53:50.364+0300][284.699s][info][gc] GC(33) Pause Full (Ergonomics) 207M->207M(245M) 2095.847ms
[2020-06-26T22:53:52.912+0300][287.247s][info][gc] GC(34) Pause Full (Ergonomics) 207M->207M(245M) 2545.073ms
[2020-06-26T22:53:54.886+0300][289.222s][info][gc] GC(35) Pause Full (Ergonomics) 207M->207M(245M) 1972.684ms
[2020-06-26T22:53:57.042+0300][291.378s][info][gc] GC(36) Pause Full (Ergonomics) 207M->207M(245M) 2155.082ms
[2020-06-26T22:53:59.194+0300][293.529s][info][gc] GC(37) Pause Full (Ergonomics) 207M->207M(245M) 2150.488ms
[2020-06-26T22:54:01.526+0300][295.862s][info][gc] GC(38) Pause Full (Ergonomics) 207M->207M(245M) 2331.479ms
[2020-06-26T22:54:03.873+0300][298.210s][info][gc] GC(39) Pause Full (Ergonomics) 207M->207M(245M) 2346.676ms
[2020-06-26T22:54:05.959+0300][300.295s][info][gc] GC(40) Pause Full (Ergonomics) 207M->207M(245M) 2084.046ms
[2020-06-26T22:54:08.211+0300][302.546s][info][gc] GC(41) Pause Full (Ergonomics) 207M->207M(245M) 2250.432ms
[2020-06-26T22:54:10.109+0300][304.445s][info][gc] GC(42) Pause Full (Ergonomics) 207M->207M(245M) 1897.586ms
[2020-06-26T22:54:12.082+0300][306.418s][info][gc] GC(43) Pause Full (Ergonomics) 207M->207M(245M) 1972.479ms
[2020-06-26T22:54:14.509+0300][308.844s][info][gc] GC(44) Pause Full (Ergonomics) 207M->207M(245M) 2423.177ms
[2020-06-26T22:54:16.873+0300][311.209s][info][gc] GC(45) Pause Full (Ergonomics) 207M->207M(245M) 2363.791ms
[2020-06-26T22:54:18.837+0300][313.173s][info][gc] GC(46) Pause Full (Ergonomics) 207M->207M(245M) 1963.103ms
[2020-06-26T22:54:21.804+0300][316.140s][info][gc] GC(47) Pause Full (Ergonomics) 207M->207M(245M) 2966.138ms
[2020-06-26T22:54:23.774+0300][318.109s][info][gc] GC(48) Pause Full (Ergonomics) 207M->207M(245M) 1968.612ms
[2020-06-26T22:54:25.972+0300][320.307s][info][gc] GC(49) Pause Full (Ergonomics) 207M->207M(245M) 2197.083ms
[2020-06-26T22:54:27.890+0300][322.225s][info][gc] GC(50) Pause Full (Ergonomics) 207M->207M(245M) 1916.813ms
[2020-06-26T22:54:30.074+0300][324.409s][info][gc] GC(51) Pause Full (Ergonomics) 207M->207M(245M) 2180.564ms
[2020-06-26T22:54:31.994+0300][326.330s][info][gc] GC(52) Pause Full (Ergonomics) 207M->207M(245M) 1919.763ms
[2020-06-26T22:54:34.046+0300][328.382s][info][gc] GC(53) Pause Full (Ergonomics) 207M->207M(245M) 2050.743ms
[2020-06-26T22:54:36.107+0300][330.442s][info][gc] GC(54) Pause Full (Ergonomics) 207M->207M(245M) 2059.584ms
[2020-06-26T22:54:38.069+0300][332.405s][info][gc] GC(55) Pause Full (Ergonomics) 207M->207M(245M) 1961.400ms
[2020-06-26T22:54:40.003+0300][334.338s][info][gc] GC(56) Pause Full (Ergonomics) 207M->207M(245M) 1932.274ms
[2020-06-26T22:54:42.381+0300][336.716s][info][gc] GC(57) Pause Full (Ergonomics) 207M->207M(245M) 2376.343ms
[2020-06-26T22:54:44.524+0300][338.860s][info][gc] GC(58) Pause Full (Ergonomics) 207M->207M(245M) 2142.622ms
[2020-06-26T22:54:46.493+0300][340.829s][info][gc] GC(59) Pause Full (Ergonomics) 207M->207M(245M) 1967.682ms
[2020-06-26T22:54:48.742+0300][343.078s][info][gc] GC(60) Pause Full (Ergonomics) 207M->207M(245M) 2248.212ms
[2020-06-26T22:54:50.652+0300][344.987s][info][gc] GC(61) Pause Full (Ergonomics) 207M->207M(245M) 1908.235ms
[2020-06-26T22:54:52.582+0300][346.918s][info][gc] GC(62) Pause Full (Ergonomics) 207M->207M(245M) 1929.830ms
[2020-06-26T22:54:54.991+0300][349.327s][info][gc] GC(63) Pause Full (Ergonomics) 207M->207M(245M) 2407.994ms
[2020-06-26T22:54:57.896+0300][352.232s][info][gc] GC(64) Pause Full (Ergonomics) 207M->207M(245M) 2903.276ms
[2020-06-26T22:55:00.061+0300][354.397s][info][gc] GC(65) Pause Full (Ergonomics) 207M->207M(245M) 2164.112ms
[2020-06-26T22:55:02.224+0300][356.560s][info][gc] GC(66) Pause Full (Ergonomics) 207M->207M(245M) 2161.678ms
[2020-06-26T22:55:04.221+0300][358.556s][info][gc] GC(67) Pause Full (Ergonomics) 207M->207M(245M) 1995.317ms
[2020-06-26T22:55:06.236+0300][360.571s][info][gc] GC(68) Pause Full (Ergonomics) 207M->207M(245M) 2014.022ms
[2020-06-26T22:55:08.134+0300][362.470s][info][gc] GC(69) Pause Full (Ergonomics) 207M->207M(245M) 1897.213ms
[2020-06-26T22:55:10.007+0300][364.343s][info][gc] GC(70) Pause Full (Ergonomics) 207M->207M(245M) 1871.420ms
[2020-06-26T22:55:11.942+0300][366.277s][info][gc] GC(71) Pause Full (Ergonomics) 207M->207M(245M) 1933.464ms
[2020-06-26T22:55:13.869+0300][368.204s][info][gc] GC(72) Pause Full (Ergonomics) 207M->207M(245M) 1926.156ms
[2020-06-26T22:55:16.134+0300][370.469s][info][gc] GC(73) Pause Full (Ergonomics) 207M->207M(245M) 2263.934ms
[2020-06-26T22:55:18.080+0300][372.416s][info][gc] GC(74) Pause Full (Ergonomics) 207M->207M(245M) 1943.728ms
[2020-06-26T22:55:20.017+0300][374.353s][info][gc] GC(75) Pause Full (Ergonomics) 207M->207M(245M) 1935.949ms
[2020-06-26T22:55:22.262+0300][376.598s][info][gc] GC(76) Pause Full (Ergonomics) 207M->207M(245M) 2244.520ms
[2020-06-26T22:55:24.459+0300][378.795s][info][gc] GC(77) Pause Full (Ergonomics) 207M->207M(245M) 2195.104ms
[2020-06-26T22:55:26.517+0300][380.852s][info][gc] GC(78) Pause Full (Ergonomics) 207M->207M(245M) 2056.355ms
[2020-06-26T22:55:28.419+0300][382.754s][info][gc] GC(79) Pause Full (Ergonomics) 207M->207M(245M) 1900.423ms
[2020-06-26T22:55:30.464+0300][384.800s][info][gc] GC(80) Pause Full (Ergonomics) 207M->207M(245M) 2044.566ms
[2020-06-26T22:55:32.491+0300][386.827s][info][gc] GC(81) Pause Full (Ergonomics) 207M->207M(245M) 2025.321ms
[2020-06-26T22:55:34.883+0300][389.218s][info][gc] GC(82) Pause Full (Ergonomics) 207M->207M(245M) 2389.758ms
[2020-06-26T22:55:38.186+0300][392.521s][info][gc] GC(83) Pause Full (Ergonomics) 207M->207M(245M) 3301.159ms
[2020-06-26T22:55:41.265+0300][395.601s][info][gc] GC(84) Pause Full (Ergonomics) 207M->207M(245M) 3076.640ms
[2020-06-26T22:55:43.717+0300][398.053s][info][gc] GC(85) Pause Full (Ergonomics) 207M->207M(245M) 2449.935ms
[2020-06-26T22:55:46.364+0300][400.700s][info][gc] GC(86) Pause Full (Ergonomics) 207M->207M(245M) 2646.315ms
[2020-06-26T22:55:49.578+0300][403.914s][info][gc] GC(87) Pause Full (Ergonomics) 207M->207M(245M) 3210.301ms
[2020-06-26T22:55:52.195+0300][406.530s][info][gc] GC(88) Pause Full (Ergonomics) 207M->207M(245M) 2615.540ms
[2020-06-26T22:55:54.094+0300][408.429s][info][gc] GC(89) Pause Full (Ergonomics) 207M->207M(245M) 1897.706ms
[2020-06-26T22:55:56.592+0300][410.927s][info][gc] GC(90) Pause Full (Ergonomics) 207M->207M(245M) 2495.809ms
[2020-06-26T22:55:58.908+0300][413.243s][info][gc] GC(91) Pause Full (Ergonomics) 207M->207M(245M) 2313.346ms
[2020-06-26T22:56:01.313+0300][415.649s][info][gc] GC(92) Pause Full (Ergonomics) 207M->207M(245M) 2404.401ms
[2020-06-26T22:56:03.223+0300][417.559s][info][gc] GC(93) Pause Full (Ergonomics) 207M->207M(245M) 1908.639ms
[2020-06-26T22:56:05.194+0300][419.530s][info][gc] GC(94) Pause Full (Ergonomics) 207M->207M(245M) 1969.372ms
[2020-06-26T22:56:07.204+0300][421.540s][info][gc] GC(95) Pause Full (Ergonomics) 207M->207M(245M) 2009.289ms
[2020-06-26T22:56:09.366+0300][423.701s][info][gc] GC(96) Pause Full (Ergonomics) 207M->207M(245M) 2160.149ms
[2020-06-26T22:56:11.363+0300][425.699s][info][gc] GC(97) Pause Full (Ergonomics) 207M->207M(245M) 1996.348ms
[2020-06-26T22:56:13.345+0300][427.681s][info][gc] GC(98) Pause Full (Ergonomics) 207M->207M(245M) 1980.544ms
[2020-06-26T22:56:15.420+0300][429.756s][info][gc] GC(99) Pause Full (Ergonomics) 207M->207M(245M) 2074.704ms
[2020-06-26T22:56:17.357+0300][431.692s][info][gc] GC(100) Pause Full (Ergonomics) 207M->207M(245M) 1935.480ms
[2020-06-26T22:56:19.360+0300][433.696s][info][gc] GC(101) Pause Full (Ergonomics) 207M->207M(245M) 2002.447ms
[2020-06-26T22:56:21.774+0300][436.110s][info][gc] GC(102) Pause Full (Ergonomics) 207M->207M(245M) 2413.008ms
[2020-06-26T22:56:24.143+0300][438.479s][info][gc] GC(103) Pause Full (Ergonomics) 207M->207M(245M) 2367.972ms
[2020-06-26T22:56:26.298+0300][440.634s][info][gc] GC(104) Pause Full (Ergonomics) 207M->207M(245M) 2154.226ms
[2020-06-26T22:56:28.499+0300][442.835s][info][gc] GC(105) Pause Full (Ergonomics) 207M->207M(245M) 2200.334ms
[2020-06-26T22:56:30.722+0300][445.057s][info][gc] GC(106) Pause Full (Ergonomics) 207M->207M(245M) 2220.996ms
[2020-06-26T22:56:33.647+0300][447.983s][info][gc] GC(107) Pause Full (Ergonomics) 207M->207M(245M) 2923.206ms
[2020-06-26T22:56:35.920+0300][450.256s][info][gc] GC(108) Pause Full (Ergonomics) 207M->207M(245M) 2271.896ms
[2020-06-26T22:56:38.039+0300][452.375s][info][gc] GC(109) Pause Full (Ergonomics) 207M->207M(245M) 2115.759ms
[2020-06-26T22:56:39.953+0300][454.288s][info][gc] GC(110) Pause Full (Ergonomics) 207M->207M(245M) 1910.610ms
[2020-06-26T22:56:41.892+0300][456.227s][info][gc] GC(111) Pause Full (Ergonomics) 207M->207M(245M) 1937.019ms
[2020-06-26T22:56:44.081+0300][458.417s][info][gc] GC(112) Pause Full (Ergonomics) 207M->207M(245M) 2185.807ms
[2020-06-26T22:56:46.022+0300][460.358s][info][gc] GC(113) Pause Full (Ergonomics) 207M->207M(245M) 1939.436ms
[2020-06-26T22:56:47.947+0300][462.283s][info][gc] GC(114) Pause Full (Ergonomics) 207M->207M(245M) 1923.829ms
[2020-06-26T22:56:49.821+0300][464.157s][info][gc] GC(115) Pause Full (Ergonomics) 207M->207M(245M) 1871.681ms
[2020-06-26T22:56:51.760+0300][466.096s][info][gc] GC(116) Pause Full (Ergonomics) 207M->207M(245M) 1937.494ms
[2020-06-26T22:56:53.658+0300][467.994s][info][gc] GC(117) Pause Full (Ergonomics) 207M->207M(245M) 1896.469ms
[2020-06-26T22:56:55.665+0300][470.001s][info][gc] GC(118) Pause Full (Ergonomics) 207M->207M(245M) 2004.762ms
[2020-06-26T22:56:59.719+0300][474.054s][info][gc] GC(119) Pause Full (Ergonomics) 207M->207M(245M) 4051.541ms
[2020-06-26T22:57:01.930+0300][476.266s][info][gc] GC(120) Pause Full (Ergonomics) 207M->207M(245M) 2210.964ms
[2020-06-26T22:57:04.699+0300][479.034s][info][gc] GC(121) Pause Full (Ergonomics) 207M->207M(245M) 2766.979ms
[2020-06-26T22:57:08.039+0300][482.381s][info][gc] GC(122) Pause Full (Ergonomics) 207M->207M(245M) 3345.747ms
[2020-06-26T22:57:12.710+0300][487.046s][info][gc] GC(123) Pause Full (Ergonomics) 207M->207M(245M) 4662.305ms
[2020-06-26T22:57:16.217+0300][490.552s][info][gc] GC(124) Pause Full (Ergonomics) 207M->207M(245M) 3503.833ms
[2020-06-26T22:57:19.797+0300][494.132s][info][gc] GC(125) Pause Full (Ergonomics) 207M->207M(245M) 3579.246ms
[2020-06-26T22:57:24.146+0300][498.482s][info][gc] GC(126) Pause Full (Ergonomics) 207M->207M(245M) 4348.037ms
[2020-06-26T22:57:27.475+0300][501.810s][info][gc] GC(127) Pause Full (Ergonomics) 207M->207M(245M) 3326.845ms
[2020-06-26T22:57:30.357+0300][504.693s][info][gc] GC(128) Pause Full (Ergonomics) 207M->207M(245M) 2881.465ms
[2020-06-26T22:57:33.611+0300][507.947s][info][gc] GC(129) Pause Full (Ergonomics) 207M->207M(245M) 3247.637ms
[2020-06-26T22:57:37.191+0300][511.526s][info][gc] GC(130) Pause Full (Ergonomics) 207M->207M(245M) 3576.555ms
[2020-06-26T22:57:40.880+0300][515.216s][info][gc] GC(131) Pause Full (Ergonomics) 207M->207M(245M) 3688.058ms
[2020-06-26T22:57:45.024+0300][519.359s][info][gc] GC(132) Pause Full (Ergonomics) 207M->207M(245M) 4139.810ms
[2020-06-26T22:57:50.383+0300][524.719s][info][gc] GC(133) Pause Full (Ergonomics) 207M->207M(245M) 5357.933ms
[2020-06-26T22:58:02.474+0300][536.809s][info][gc] GC(134) Pause Full (Ergonomics) 207M->207M(245M) 12088.215ms
[2020-06-26T22:58:07.268+0300][541.604s][info][gc] GC(135) Pause Full (Ergonomics) 207M->207M(245M) 4793.772ms
[2020-06-26T22:58:11.202+0300][545.538s][info][gc] GC(136) Pause Full (Ergonomics) 207M->207M(245M) 3933.286ms
[2020-06-26T22:58:15.776+0300][550.111s][info][gc] GC(137) Pause Full (Ergonomics) 207M->207M(245M) 4571.680ms
[2020-06-26T22:58:18.847+0300][553.183s][info][gc] GC(138) Pause Full (Ergonomics) 207M->207M(245M) 3070.050ms
[2020-06-26T22:58:21.989+0300][556.325s][info][gc] GC(139) Pause Full (Ergonomics) 207M->207M(245M) 3138.051ms
[2020-06-26T22:58:26.093+0300][560.428s][info][gc] GC(140) Pause Full (Ergonomics) 207M->207M(245M) 4101.949ms
[2020-06-26T22:58:32.835+0300][567.171s][info][gc] GC(141) Pause Full (Ergonomics) 207M->207M(245M) 6740.669ms
[2020-06-26T22:58:36.044+0300][570.379s][info][gc] GC(142) Pause Full (Ergonomics) 207M->207M(245M) 3206.616ms
[2020-06-26T22:58:39.942+0300][574.278s][info][gc] GC(143) Pause Full (Ergonomics) 207M->207M(245M) 3896.594ms
[2020-06-26T22:58:44.467+0300][578.802s][info][gc] GC(144) Pause Full (Ergonomics) 207M->207M(245M) 4522.743ms
[2020-06-26T22:58:47.477+0300][581.813s][info][gc] GC(145) Pause Full (Ergonomics) 207M->207M(245M) 3008.758ms
[2020-06-26T22:58:50.299+0300][584.634s][info][gc] GC(146) Pause Full (Ergonomics) 207M->207M(245M) 2819.807ms
[2020-06-26T22:58:52.579+0300][586.914s][info][gc] GC(147) Pause Full (Ergonomics) 207M->207M(245M) 2276.938ms
[2020-06-26T22:58:55.614+0300][589.950s][info][gc] GC(148) Pause Full (Ergonomics) 207M->207M(245M) 3034.581ms
[2020-06-26T22:58:58.372+0300][592.707s][info][gc] GC(149) Pause Full (Ergonomics) 207M->207M(245M) 2755.976ms
[2020-06-26T22:59:01.167+0300][595.518s][info][gc] GC(150) Pause Full (Ergonomics) 207M->207M(245M) 2809.541ms
[2020-06-26T22:59:03.446+0300][597.782s][info][gc] GC(151) Pause Full (Ergonomics) 207M->207M(245M) 2261.171ms
[2020-06-26T22:59:06.168+0300][600.504s][info][gc] GC(152) Pause Full (Ergonomics) 207M->207M(245M) 2720.117ms
[2020-06-26T22:59:09.307+0300][603.643s][info][gc] GC(153) Pause Full (Ergonomics) 207M->207M(245M) 3137.192ms
[2020-06-26T22:59:11.786+0300][606.121s][info][gc] GC(154) Pause Full (Ergonomics) 207M->207M(245M) 2476.917ms
[2020-06-26T22:59:14.069+0300][608.414s][info][gc] GC(155) Pause Full (Ergonomics) 207M->207M(245M) 2291.940ms
[2020-06-26T22:59:16.383+0300][610.718s][info][gc] GC(156) Pause Full (Ergonomics) 207M->207M(245M) 2302.795ms
[2020-06-26T22:59:18.796+0300][613.131s][info][gc] GC(157) Pause Full (Ergonomics) 207M->207M(245M) 2410.794ms
[2020-06-26T22:59:21.150+0300][615.490s][info][gc] GC(158) Pause Full (Ergonomics) 207M->207M(245M) 2356.921ms
[2020-06-26T22:59:23.481+0300][617.816s][info][gc] GC(159) Pause Full (Ergonomics) 207M->207M(245M) 2324.708ms
[2020-06-26T22:59:26.282+0300][620.618s][info][gc] GC(160) Pause Full (Ergonomics) 207M->207M(245M) 2800.319ms
[2020-06-26T22:59:28.898+0300][623.234s][info][gc] GC(161) Pause Full (Ergonomics) 207M->207M(245M) 2614.168ms
[2020-06-26T22:59:32.617+0300][626.952s][info][gc] GC(162) Pause Full (Ergonomics) 207M->207M(245M) 3708.993ms
[2020-06-26T22:59:34.997+0300][629.343s][info][gc] GC(163) Pause Full (Ergonomics) 207M->207M(245M) 2383.405ms
[2020-06-26T22:59:37.451+0300][631.789s][info][gc] GC(164) Pause Full (Ergonomics) 207M->207M(245M) 2444.485ms
[2020-06-26T22:59:39.725+0300][634.070s][info][gc] GC(165) Pause Full (Ergonomics) 207M->207M(245M) 2279.483ms
[2020-06-26T22:59:42.244+0300][636.580s][info][gc] GC(166) Pause Full (Ergonomics) 207M->207M(245M) 2508.969ms
[2020-06-26T22:59:44.854+0300][639.198s][info][gc] GC(167) Pause Full (Ergonomics) 207M->207M(245M) 2615.685ms
[2020-06-26T22:59:47.320+0300][641.655s][info][gc] GC(168) Pause Full (Ergonomics) 207M->207M(245M) 2455.967ms
[2020-06-26T22:59:49.632+0300][643.967s][info][gc] GC(169) Pause Full (Ergonomics) 207M->207M(245M) 2310.427ms
[2020-06-26T22:59:51.939+0300][646.274s][info][gc] GC(170) Pause Full (Ergonomics) 207M->207M(245M) 2305.785ms
[2020-06-26T22:59:54.214+0300][648.550s][info][gc] GC(171) Pause Full (Ergonomics) 207M->207M(245M) 2274.645ms
[2020-06-26T22:59:56.722+0300][651.071s][info][gc] GC(172) Pause Full (Ergonomics) 207M->207M(245M) 2520.635ms
[2020-06-26T22:59:59.028+0300][653.364s][info][gc] GC(173) Pause Full (Ergonomics) 207M->207M(245M) 2290.347ms
[2020-06-26T23:00:01.795+0300][656.131s][info][gc] GC(174) Pause Full (Ergonomics) 207M->207M(245M) 2766.238ms
[2020-06-26T23:00:08.930+0300][663.266s][info][gc] GC(175) Pause Full (Ergonomics) 207M->207M(245M) 7132.394ms
[2020-06-26T23:00:11.779+0300][666.115s][info][gc] GC(176) Pause Full (Ergonomics) 207M->207M(245M) 2848.077ms
[2020-06-26T23:00:15.541+0300][669.876s][info][gc] GC(177) Pause Full (Ergonomics) 207M->207M(245M) 3760.699ms
[2020-06-26T23:00:17.971+0300][672.310s][info][gc] GC(178) Pause Full (Ergonomics) 207M->207M(245M) 2432.511ms
[2020-06-26T23:00:20.269+0300][674.604s][info][gc] GC(179) Pause Full (Ergonomics) 207M->207M(245M) 2292.629ms
[2020-06-26T23:00:22.699+0300][677.034s][info][gc] GC(180) Pause Full (Ergonomics) 207M->207M(245M) 2428.511ms
[2020-06-26T23:00:25.700+0300][680.036s][info][gc] GC(181) Pause Full (Ergonomics) 207M->207M(245M) 3000.153ms
[2020-06-26T23:00:29.809+0300][684.144s][info][gc] GC(182) Pause Full (Ergonomics) 207M->207M(245M) 4107.316ms
[2020-06-26T23:00:32.817+0300][687.152s][info][gc] GC(183) Pause Full (Ergonomics) 207M->207M(245M) 3006.827ms
[2020-06-26T23:00:36.117+0300][690.452s][info][gc] GC(184) Pause Full (Ergonomics) 207M->207M(245M) 3296.936ms
[2020-06-26T23:00:38.825+0300][693.161s][info][gc] GC(185) Pause Full (Ergonomics) 207M->207M(245M) 2699.314ms
[2020-06-26T23:00:41.891+0300][696.226s][info][gc] GC(186) Pause Full (Ergonomics) 207M->207M(245M) 3064.663ms
[2020-06-26T23:00:45.931+0300][700.267s][info][gc] GC(187) Pause Full (Ergonomics) 207M->207M(245M) 4038.956ms
[2020-06-26T23:00:50.577+0300][704.912s][info][gc] GC(188) Pause Full (Ergonomics) 207M->207M(245M) 4643.383ms
[2020-06-26T23:00:54.168+0300][708.503s][info][gc] GC(189) Pause Full (Ergonomics) 207M->207M(245M) 3590.252ms
[2020-06-26T23:00:57.238+0300][711.573s][info][gc] GC(190) Pause Full (Ergonomics) 207M->207M(245M) 3067.709ms
[2020-06-26T23:01:00.086+0300][714.423s][info][gc] GC(191) Pause Full (Ergonomics) 207M->207M(245M) 2848.192ms
[2020-06-26T23:01:03.019+0300][717.355s][info][gc] GC(192) Pause Full (Ergonomics) 207M->207M(245M) 2930.221ms
[2020-06-26T23:01:06.395+0300][720.730s][info][gc] GC(193) Pause Full (Ergonomics) 207M->207M(245M) 3373.541ms
[2020-06-26T23:01:09.660+0300][723.996s][info][gc] GC(194) Pause Full (Ergonomics) 207M->207M(245M) 3264.658ms
[2020-06-26T23:01:13.837+0300][728.172s][info][gc] GC(195) Pause Full (Ergonomics) 207M->207M(245M) 4167.853ms
[2020-06-26T23:01:18.627+0300][732.963s][info][gc] GC(196) Pause Full (Ergonomics) 207M->207M(245M) 4736.655ms
[2020-06-26T23:01:21.380+0300][735.716s][info][gc] GC(197) Pause Full (Ergonomics) 207M->207M(245M) 2749.989ms
[2020-06-26T23:01:25.222+0300][739.558s][info][gc] GC(198) Pause Full (Ergonomics) 207M->207M(245M) 3840.509ms
[2020-06-26T23:01:29.306+0300][743.642s][info][gc] GC(199) Pause Full (Ergonomics) 207M->207M(245M) 4078.916ms
[2020-06-26T23:01:32.383+0300][746.718s][info][gc] GC(200) Pause Full (Ergonomics) 207M->207M(245M) 3074.228ms
[2020-06-26T23:01:35.765+0300][750.101s][info][gc] GC(201) Pause Full (Ergonomics) 207M->207M(245M) 3379.673ms
[2020-06-26T23:01:39.836+0300][754.172s][info][gc] GC(202) Pause Full (Ergonomics) 207M->207M(245M) 4069.045ms
[2020-06-26T23:01:43.913+0300][758.248s][info][gc] GC(203) Pause Full (Ergonomics) 207M->207M(245M) 4075.161ms
[2020-06-26T23:01:49.968+0300][764.304s][info][gc] GC(204) Pause Full (Ergonomics) 207M->207M(245M) 6053.585ms
[2020-06-26T23:01:55.188+0300][769.524s][info][gc] GC(205) Pause Full (Ergonomics) 207M->207M(245M) 5216.983ms
[2020-06-26T23:01:59.755+0300][774.091s][info][gc] GC(206) Pause Full (Ergonomics) 207M->207M(245M) 4565.985ms
[2020-06-26T23:02:04.864+0300][779.199s][info][gc] GC(207) Pause Full (Ergonomics) 207M->207M(245M) 5107.262ms
[2020-06-26T23:02:08.270+0300][782.605s][info][gc] GC(208) Pause Full (Ergonomics) 207M->207M(245M) 3401.340ms
[2020-06-26T23:02:11.426+0300][785.762s][info][gc] GC(209) Pause Full (Ergonomics) 207M->207M(245M) 3155.066ms
[2020-06-26T23:02:14.833+0300][789.169s][info][gc] GC(210) Pause Full (Ergonomics) 207M->207M(245M) 3406.758ms
[2020-06-26T23:02:19.132+0300][793.468s][info][gc] GC(211) Pause Full (Ergonomics) 207M->207M(245M) 4297.172ms
[2020-06-26T23:02:23.530+0300][797.865s][info][gc] GC(212) Pause Full (Ergonomics) 207M->207M(245M) 4393.641ms
[2020-06-26T23:02:28.357+0300][802.693s][info][gc] GC(213) Pause Full (Ergonomics) 207M->207M(245M) 4824.409ms
[2020-06-26T23:02:33.667+0300][808.003s][info][gc] GC(214) Pause Full (Ergonomics) 207M->207M(245M) 5307.791ms
[2020-06-26T23:02:39.753+0300][814.088s][info][gc] GC(215) Pause Full (Ergonomics) 207M->207M(245M) 6082.932ms
[2020-06-26T23:02:45.952+0300][820.288s][info][gc] GC(216) Pause Full (Ergonomics) 207M->207M(245M) 6198.775ms
[2020-06-26T23:02:51.069+0300][825.405s][info][gc] GC(217) Pause Full (Ergonomics) 207M->207M(245M) 5115.395ms
[2020-06-26T23:02:55.119+0300][829.455s][info][gc] GC(218) Pause Full (Ergonomics) 207M->207M(245M) 4049.075ms
[2020-06-26T23:03:00.570+0300][834.906s][info][gc] GC(219) Pause Full (Ergonomics) 207M->207M(245M) 5448.345ms
[2020-06-26T23:03:06.492+0300][840.828s][info][gc] GC(220) Pause Full (Ergonomics) 207M->207M(245M) 5920.219ms
[2020-06-26T23:03:12.843+0300][847.178s][info][gc] GC(221) Pause Full (Ergonomics) 207M->207M(245M) 6337.694ms
[2020-06-26T23:03:19.760+0300][854.096s][info][gc] GC(222) Pause Full (Ergonomics) 207M->207M(245M) 6915.821ms
[2020-06-26T23:03:26.491+0300][860.827s][info][gc] GC(223) Pause Full (Ergonomics) 207M->207M(245M) 6720.316ms
[2020-06-26T23:03:32.042+0300][866.378s][info][gc] GC(224) Pause Full (Ergonomics) 207M->207M(245M) 5549.241ms
[2020-06-26T23:03:37.276+0300][871.612s][info][gc] GC(225) Pause Full (Ergonomics) 207M->207M(245M) 5232.323ms
[2020-06-26T23:03:42.208+0300][876.543s][info][gc] GC(226) Pause Full (Ergonomics) 207M->207M(245M) 4930.335ms
[2020-06-26T23:03:47.445+0300][881.781s][info][gc] GC(227) Pause Full (Ergonomics) 207M->207M(245M) 5235.143ms
[2020-06-26T23:03:52.390+0300][886.725s][info][gc] GC(228) Pause Full (Ergonomics) 207M->207M(245M) 4940.996ms
[2020-06-26T23:03:57.468+0300][891.804s][info][gc] GC(229) Pause Full (Ergonomics) 207M->207M(245M) 5074.607ms
[2020-06-26T23:04:02.515+0300][896.850s][info][gc] GC(230) Pause Full (Ergonomics) 207M->207M(245M) 5043.735ms
[2020-06-26T23:04:07.359+0300][901.695s][info][gc] GC(231) Pause Full (Ergonomics) 207M->207M(245M) 4840.480ms
[2020-06-26T23:04:11.957+0300][906.293s][info][gc] GC(232) Pause Full (Ergonomics) 207M->207M(245M) 4594.418ms
[2020-06-26T23:04:16.938+0300][911.274s][info][gc] GC(233) Pause Full (Ergonomics) 207M->207M(245M) 4977.691ms
[2020-06-26T23:04:21.732+0300][916.068s][info][gc] GC(234) Pause Full (Ergonomics) 207M->207M(245M) 4788.190ms
[2020-06-26T23:04:26.783+0300][921.118s][info][gc] GC(235) Pause Full (Ergonomics) 207M->207M(245M) 5048.877ms
[2020-06-26T23:04:32.130+0300][926.466s][info][gc] GC(236) Pause Full (Ergonomics) 207M->207M(245M) 5343.067ms
[2020-06-26T23:04:37.147+0300][931.483s][info][gc] GC(237) Pause Full (Ergonomics) 207M->207M(245M) 5015.102ms
[2020-06-26T23:04:41.770+0300][936.105s][info][gc] GC(238) Pause Full (Ergonomics) 207M->207M(245M) 4621.512ms
[2020-06-26T23:04:46.847+0300][941.183s][info][gc] GC(239) Pause Full (Ergonomics) 207M->207M(245M) 5076.119ms
[2020-06-26T23:04:51.795+0300][946.130s][info][gc] GC(240) Pause Full (Ergonomics) 207M->207M(245M) 4944.810ms
[2020-06-26T23:04:56.597+0300][950.933s][info][gc] GC(241) Pause Full (Ergonomics) 207M->207M(245M) 4797.857ms
[2020-06-26T23:05:01.167+0300][955.503s][info][gc] GC(242) Pause Full (Ergonomics) 207M->207M(245M) 4564.622ms
[2020-06-26T23:05:06.099+0300][960.435s][info][gc] GC(243) Pause Full (Ergonomics) 207M->207M(245M) 4929.613ms
[2020-06-26T23:05:10.846+0300][965.181s][info][gc] GC(244) Pause Full (Ergonomics) 207M->207M(245M) 4745.686ms
[2020-06-26T23:05:15.347+0300][969.683s][info][gc] GC(245) Pause Full (Ergonomics) 207M->207M(245M) 4500.466ms
[2020-06-26T23:05:20.048+0300][974.384s][info][gc] GC(246) Pause Full (Ergonomics) 207M->207M(245M) 4698.626ms
[2020-06-26T23:05:24.972+0300][979.308s][info][gc] GC(247) Pause Full (Ergonomics) 207M->207M(245M) 4922.084ms
[2020-06-26T23:05:29.969+0300][984.304s][info][gc] GC(248) Pause Full (Ergonomics) 207M->207M(245M) 4969.187ms
[2020-06-26T23:05:34.686+0300][989.022s][info][gc] GC(249) Pause Full (Ergonomics) 207M->207M(245M) 4714.168ms
[2020-06-26T23:05:39.619+0300][993.954s][info][gc] GC(250) Pause Full (Ergonomics) 207M->207M(245M) 4930.012ms
[2020-06-26T23:05:44.485+0300][998.821s][info][gc] GC(251) Pause Full (Ergonomics) 207M->207M(245M) 4862.911ms
[2020-06-26T23:05:49.323+0300][1003.658s][info][gc] GC(252) Pause Full (Ergonomics) 207M->207M(245M) 4830.460ms
[2020-06-26T23:05:54.070+0300][1008.405s][info][gc] GC(253) Pause Full (Ergonomics) 207M->207M(245M) 4745.332ms
[2020-06-26T23:06:00.109+0300][1014.445s][info][gc] GC(254) Pause Full (Ergonomics) 207M->207M(245M) 6038.390ms
[2020-06-26T23:06:05.290+0300][1019.625s][info][gc] GC(255) Pause Full (Ergonomics) 207M->207M(245M) 5177.959ms
[2020-06-26T23:06:14.657+0300][1028.993s][info][gc] GC(256) Pause Full (Ergonomics) 207M->207M(245M) 9364.959ms
[2020-06-26T23:06:22.248+0300][1036.584s][info][gc] GC(257) Pause Full (Ergonomics) 207M->207M(245M) 7589.067ms
[2020-06-26T23:06:29.583+0300][1043.919s][info][gc] GC(258) Pause Full (Ergonomics) 207M->207M(245M) 7333.189ms
[2020-06-26T23:06:37.217+0300][1051.552s][info][gc] GC(259) Pause Full (Ergonomics) 207M->207M(245M) 7630.403ms
[2020-06-26T23:06:43.330+0300][1057.665s][info][gc] GC(260) Pause Full (Ergonomics) 207M->207M(245M) 6108.397ms
[2020-06-26T23:06:47.283+0300][1061.619s][info][gc] GC(261) Pause Full (Ergonomics) 207M->207M(245M) 3942.720ms
[2020-06-26T23:06:51.575+0300][1065.911s][info][gc] GC(262) Pause Full (Ergonomics) 207M->207M(245M) 4288.636ms
[2020-06-26T23:06:55.800+0300][1070.135s][info][gc] GC(263) Pause Full (Ergonomics) 207M->207M(245M) 4222.409ms
[2020-06-26T23:07:00.264+0300][1074.599s][info][gc] GC(264) Pause Full (Ergonomics) 207M->207M(245M) 4461.492ms
[2020-06-26T23:07:05.011+0300][1079.347s][info][gc] GC(265) Pause Full (Ergonomics) 207M->207M(245M) 4744.355ms
[2020-06-26T23:07:12.139+0300][1086.475s][info][gc] GC(266) Pause Full (Ergonomics) 207M->207M(245M) 7126.219ms
[2020-06-26T23:07:21.114+0300][1095.449s][info][gc] GC(267) Pause Full (Ergonomics) 207M->207M(245M) 8973.009ms
[2020-06-26T23:07:29.667+0300][1104.002s][info][gc] GC(268) Pause Full (Ergonomics) 207M->207M(245M) 8550.822ms
[2020-06-26T23:07:35.837+0300][1110.172s][info][gc] GC(269) Pause Full (Ergonomics) 207M->207M(245M) 6165.344ms
[2020-06-26T23:07:39.497+0300][1113.833s][info][gc] GC(270) Pause Full (Ergonomics) 207M->207M(245M) 3656.849ms
[2020-06-26T23:07:44.233+0300][1118.569s][info][gc] GC(271) Pause Full (Ergonomics) 207M->207M(245M) 4735.384ms
[2020-06-26T23:07:48.689+0300][1123.025s][info][gc] GC(272) Pause Full (Ergonomics) 207M->207M(245M) 4452.520ms
[2020-06-26T23:07:53.815+0300][1128.151s][info][gc] GC(273) Pause Full (Ergonomics) 207M->207M(245M) 5124.400ms
[2020-06-26T23:07:59.266+0300][1133.601s][info][gc] GC(274) Pause Full (Ergonomics) 207M->207M(245M) 5448.453ms
[2020-06-26T23:08:04.684+0300][1139.020s][info][gc] GC(275) Pause Full (Ergonomics) 207M->207M(245M) 5416.551ms
[2020-06-26T23:08:09.109+0300][1143.445s][info][gc] GC(276) Pause Full (Ergonomics) 207M->207M(245M) 4414.721ms
[2020-06-26T23:08:13.950+0300][1148.287s][info][gc] GC(277) Pause Full (Ergonomics) 207M->207M(245M) 4840.510ms
[2020-06-26T23:08:18.377+0300][1152.713s][info][gc] GC(278) Pause Full (Ergonomics) 207M->207M(245M) 4423.244ms
[2020-06-26T23:08:22.480+0300][1156.816s][info][gc] GC(279) Pause Full (Ergonomics) 207M->207M(245M) 4101.859ms
[2020-06-26T23:08:28.273+0300][1162.609s][info][gc] GC(280) Pause Full (Ergonomics) 207M->207M(245M) 5791.614ms
[2020-06-26T23:08:35.009+0300][1169.345s][info][gc] GC(281) Pause Full (Ergonomics) 207M->207M(245M) 6734.706ms
[2020-06-26T23:08:43.560+0300][1177.896s][info][gc] GC(282) Pause Full (Ergonomics) 207M->207M(245M) 8548.956ms
[2020-06-26T23:08:51.794+0300][1186.129s][info][gc] GC(283) Pause Full (Ergonomics) 207M->207M(245M) 8231.997ms
[2020-06-26T23:08:58.051+0300][1192.386s][info][gc] GC(284) Pause Full (Ergonomics) 207M->207M(245M) 6248.456ms
[2020-06-26T23:09:04.166+0300][1198.501s][info][gc] GC(285) Pause Full (Ergonomics) 207M->207M(245M) 6070.031ms
[2020-06-26T23:09:09.214+0300][1203.550s][info][gc] GC(286) Pause Full (Ergonomics) 207M->207M(245M) 5045.833ms
[2020-06-26T23:09:17.404+0300][1211.740s][info][gc] GC(287) Pause Full (Ergonomics) 207M->207M(245M) 8178.069ms
[2020-06-26T23:09:27.600+0300][1221.935s][info][gc] GC(288) Pause Full (Ergonomics) 207M->207M(245M) 10180.630ms
[2020-06-26T23:09:36.602+0300][1230.937s][info][gc] GC(289) Pause Full (Ergonomics) 207M->207M(245M) 9000.668ms
[2020-06-26T23:09:46.421+0300][1240.757s][info][gc] GC(290) Pause Full (Ergonomics) 207M->207M(245M) 9816.895ms
[2020-06-26T23:09:55.549+0300][1249.884s][info][gc] GC(291) Pause Full (Ergonomics) 207M->207M(245M) 9125.767ms
[2020-06-26T23:10:05.396+0300][1259.731s][info][gc] GC(292) Pause Full (Ergonomics) 207M->207M(245M) 9844.666ms
[2020-06-26T23:10:14.117+0300][1268.452s][info][gc] GC(293) Pause Full (Ergonomics) 207M->207M(245M) 8714.440ms
[2020-06-26T23:10:20.338+0300][1274.674s][info][gc] GC(294) Pause Full (Ergonomics) 207M->207M(245M) 6219.593ms
[2020-06-26T23:10:25.182+0300][1279.517s][info][gc] GC(295) Pause Full (Ergonomics) 207M->207M(245M) 4841.426ms
[2020-06-26T23:10:30.331+0300][1284.666s][info][gc] GC(296) Pause Full (Ergonomics) 207M->207M(245M) 5147.348ms
[2020-06-26T23:10:36.889+0300][1291.225s][info][gc] GC(297) Pause Full (Ergonomics) 207M->207M(245M) 6556.202ms
[2020-06-26T23:10:43.830+0300][1298.165s][info][gc] GC(298) Pause Full (Ergonomics) 207M->207M(245M) 6927.084ms
[2020-06-26T23:10:55.178+0300][1309.514s][info][gc] GC(299) Pause Full (Ergonomics) 207M->207M(245M) 11345.869ms
[2020-06-26T23:11:02.861+0300][1317.197s][info][gc] GC(300) Pause Full (Ergonomics) 207M->207M(245M) 7679.596ms
[2020-06-26T23:11:09.342+0300][1323.678s][info][gc] GC(301) Pause Full (Ergonomics) 207M->207M(245M) 6450.411ms
[2020-06-26T23:11:15.818+0300][1330.154s][info][gc] GC(302) Pause Full (Ergonomics) 207M->207M(245M) 6473.403ms
[2020-06-26T23:11:23.489+0300][1337.824s][info][gc] GC(303) Pause Full (Ergonomics) 207M->207M(245M) 7665.781ms
[2020-06-26T23:11:29.426+0300][1343.761s][info][gc] GC(304) Pause Full (Ergonomics) 207M->207M(245M) 5919.498ms
[2020-06-26T23:11:43.749+0300][1358.085s][info][gc] GC(305) Pause Full (Ergonomics) 207M->207M(245M) 14319.681ms
[2020-06-26T23:11:49.050+0300][1363.386s][info][gc] GC(306) Pause Full (Ergonomics) 207M->207M(245M) 5292.594ms
[2020-06-26T23:11:53.431+0300][1367.766s][info][gc] GC(307) Pause Full (Ergonomics) 207M->207M(245M) 4376.698ms
[2020-06-26T23:11:58.844+0300][1373.179s][info][gc] GC(308) Pause Full (Ergonomics) 207M->207M(245M) 5409.540ms
[2020-06-26T23:12:04.996+0300][1379.332s][info][gc] GC(309) Pause Full (Ergonomics) 207M->207M(245M) 6136.941ms
[2020-06-26T23:12:09.868+0300][1384.204s][info][gc] GC(310) Pause Full (Ergonomics) 207M->207M(245M) 4870.863ms
[2020-06-26T23:12:13.540+0300][1387.876s][info][gc] GC(311) Pause Full (Ergonomics) 207M->207M(245M) 3668.783ms
[2020-06-26T23:12:17.124+0300][1391.460s][info][gc] GC(312) Pause Full (Ergonomics) 207M->207M(245M) 3578.938ms
[2020-06-26T23:12:20.390+0300][1394.726s][info][gc] GC(313) Pause Full (Ergonomics) 207M->207M(245M) 3262.836ms
[2020-06-26T23:12:23.683+0300][1398.019s][info][gc] GC(314) Pause Full (Ergonomics) 207M->207M(245M) 3285.740ms
[2020-06-26T23:12:26.664+0300][1400.999s][info][gc] GC(315) Pause Full (Ergonomics) 207M->207M(245M) 2978.007ms
[2020-06-26T23:12:29.620+0300][1403.956s][info][gc] GC(316) Pause Full (Ergonomics) 207M->207M(245M) 2951.243ms
[2020-06-26T23:12:32.614+0300][1406.950s][info][gc] GC(317) Pause Full (Ergonomics) 207M->207M(245M) 2984.152ms
[2020-06-26T23:12:35.439+0300][1409.775s][info][gc] GC(318) Pause Full (Ergonomics) 207M->207M(245M) 2822.305ms
[2020-06-26T23:12:38.535+0300][1412.870s][info][gc] GC(319) Pause Full (Ergonomics) 207M->207M(245M) 3092.688ms
[2020-06-26T23:12:41.470+0300][1415.806s][info][gc] GC(320) Pause Full (Ergonomics) 207M->207M(245M) 2933.296ms
[2020-06-26T23:12:44.540+0300][1418.876s][info][gc] GC(321) Pause Full (Ergonomics) 207M->207M(245M) 3067.649ms
[2020-06-26T23:12:47.346+0300][1421.682s][info][gc] GC(322) Pause Full (Ergonomics) 207M->207M(245M) 2804.537ms
[2020-06-26T23:12:51.886+0300][1426.222s][info][gc] GC(323) Pause Full (Ergonomics) 207M->207M(245M) 4538.235ms
[2020-06-26T23:12:55.382+0300][1429.718s][info][gc] GC(324) Pause Full (Ergonomics) 207M->207M(245M) 3495.108ms
[2020-06-26T23:13:00.895+0300][1435.231s][info][gc] GC(325) Pause Full (Ergonomics) 207M->207M(245M) 5510.924ms
[2020-06-26T23:13:04.545+0300][1438.881s][info][gc] GC(326) Pause Full (Ergonomics) 207M->207M(245M) 3646.892ms
[2020-06-26T23:13:07.624+0300][1441.959s][info][gc] GC(327) Pause Full (Ergonomics) 207M->207M(245M) 3077.644ms
[2020-06-26T23:13:11.631+0300][1445.966s][info][gc] GC(328) Pause Full (Ergonomics) 207M->207M(245M) 4002.788ms
[2020-06-26T23:13:15.848+0300][1450.184s][info][gc] GC(329) Pause Full (Ergonomics) 207M->207M(245M) 4215.761ms
[2020-06-26T23:13:19.137+0300][1453.472s][info][gc] GC(330) Pause Full (Ergonomics) 207M->207M(245M) 3287.432ms
[2020-06-26T23:13:24.466+0300][1458.802s][info][gc] GC(331) Pause Full (Ergonomics) 207M->207M(245M) 5328.133ms
[2020-06-26T23:13:27.820+0300][1462.156s][info][gc] GC(332) Pause Full (Ergonomics) 207M->207M(245M) 3351.916ms
[2020-06-26T23:13:32.741+0300][1467.077s][info][gc] GC(333) Pause Full (Ergonomics) 207M->207M(245M) 4903.292ms
[2020-06-26T23:13:37.171+0300][1471.506s][info][gc] GC(334) Pause Full (Ergonomics) 207M->207M(245M) 4408.042ms
[2020-06-26T23:13:41.523+0300][1475.858s][info][gc] GC(335) Pause Full (Ergonomics) 207M->207M(245M) 4350.832ms
[2020-06-26T23:13:45.617+0300][1479.952s][info][gc] GC(336) Pause Full (Ergonomics) 207M->207M(245M) 4091.436ms
[2020-06-26T23:13:52.498+0300][1486.834s][info][gc] GC(337) Pause Full (Ergonomics) 207M->207M(245M) 6880.977ms
[2020-06-26T23:14:00.192+0300][1494.527s][info][gc] GC(338) Pause Full (Ergonomics) 207M->207M(245M) 7692.042ms
[2020-06-26T23:14:04.927+0300][1499.262s][info][gc] GC(339) Pause Full (Ergonomics) 207M->207M(245M) 4733.268ms
[2020-06-26T23:14:08.233+0300][1502.569s][info][gc] GC(340) Pause Full (Ergonomics) 207M->207M(245M) 3305.222ms
[2020-06-26T23:14:11.305+0300][1505.641s][info][gc] GC(341) Pause Full (Ergonomics) 207M->207M(245M) 3070.078ms
[2020-06-26T23:14:14.314+0300][1508.650s][info][gc] GC(342) Pause Full (Ergonomics) 207M->207M(245M) 3005.746ms
[2020-06-26T23:14:17.576+0300][1511.911s][info][gc] GC(343) Pause Full (Ergonomics) 207M->207M(245M) 3260.036ms
[2020-06-26T23:14:20.709+0300][1515.044s][info][gc] GC(344) Pause Full (Ergonomics) 207M->207M(245M) 3125.422ms
[2020-06-26T23:14:24.496+0300][1518.832s][info][gc] GC(345) Pause Full (Ergonomics) 207M->207M(245M) 3785.854ms
[2020-06-26T23:14:28.552+0300][1522.888s][info][gc] GC(346) Pause Full (Ergonomics) 207M->207M(245M) 4054.997ms
[2020-06-26T23:14:31.614+0300][1525.950s][info][gc] GC(347) Pause Full (Ergonomics) 207M->207M(245M) 3060.155ms
[2020-06-26T23:14:34.692+0300][1529.028s][info][gc] GC(348) Pause Full (Ergonomics) 207M->207M(245M) 3076.599ms
[2020-06-26T23:14:37.837+0300][1532.173s][info][gc] GC(349) Pause Full (Ergonomics) 207M->207M(245M) 3143.697ms
[2020-06-26T23:14:41.079+0300][1535.415s][info][gc] GC(350) Pause Full (Ergonomics) 207M->207M(245M) 3240.281ms
[2020-06-26T23:14:44.242+0300][1538.578s][info][gc] GC(351) Pause Full (Ergonomics) 207M->207M(245M) 3158.058ms
[2020-06-26T23:14:47.213+0300][1541.549s][info][gc] GC(352) Pause Full (Ergonomics) 207M->207M(245M) 2969.965ms
[2020-06-26T23:14:50.311+0300][1544.646s][info][gc] GC(353) Pause Full (Ergonomics) 207M->207M(245M) 3096.030ms
[2020-06-26T23:14:53.393+0300][1547.728s][info][gc] GC(354) Pause Full (Ergonomics) 207M->207M(245M) 3078.199ms
[2020-06-26T23:14:56.564+0300][1550.899s][info][gc] GC(355) Pause Full (Ergonomics) 207M->207M(245M) 3168.881ms
[2020-06-26T23:14:59.659+0300][1553.995s][info][gc] GC(356) Pause Full (Ergonomics) 207M->207M(245M) 3063.479ms
[2020-06-26T23:15:02.974+0300][1557.310s][info][gc] GC(357) Pause Full (Ergonomics) 207M->207M(245M) 3312.909ms
[2020-06-26T23:15:06.201+0300][1560.536s][info][gc] GC(358) Pause Full (Ergonomics) 207M->207M(245M) 3225.075ms
[2020-06-26T23:15:09.550+0300][1563.886s][info][gc] GC(359) Pause Full (Ergonomics) 207M->207M(245M) 3347.066ms
[2020-06-26T23:15:12.665+0300][1567.001s][info][gc] GC(360) Pause Full (Ergonomics) 207M->207M(245M) 3113.676ms
[2020-06-26T23:15:15.874+0300][1570.210s][info][gc] GC(361) Pause Full (Ergonomics) 207M->207M(245M) 3206.995ms
[2020-06-26T23:15:18.928+0300][1573.264s][info][gc] GC(362) Pause Full (Ergonomics) 207M->207M(245M) 3052.631ms
[2020-06-26T23:15:22.247+0300][1576.583s][info][gc] GC(363) Pause Full (Ergonomics) 207M->207M(245M) 3317.674ms
[2020-06-26T23:15:27.127+0300][1581.464s][info][gc] GC(364) Pause Full (Ergonomics) 207M->207M(245M) 4877.545ms
[2020-06-26T23:15:31.609+0300][1585.945s][info][gc] GC(365) Pause Full (Ergonomics) 207M->207M(245M) 4475.252ms
[2020-06-26T23:15:35.363+0300][1589.699s][info][gc] GC(366) Pause Full (Ergonomics) 207M->207M(245M) 3752.577ms
[2020-06-26T23:15:40.284+0300][1594.620s][info][gc] GC(367) Pause Full (Ergonomics) 207M->207M(245M) 4911.514ms
[2020-06-26T23:15:45.194+0300][1599.529s][info][gc] GC(368) Pause Full (Ergonomics) 207M->207M(245M) 4906.748ms
[2020-06-26T23:15:49.051+0300][1603.387s][info][gc] GC(369) Pause Full (Ergonomics) 207M->207M(245M) 3855.261ms
[2020-06-26T23:15:53.062+0300][1607.398s][info][gc] GC(370) Pause Full (Ergonomics) 207M->207M(245M) 4009.484ms
[2020-06-26T23:15:56.793+0300][1611.128s][info][gc] GC(371) Pause Full (Ergonomics) 207M->207M(245M) 3728.867ms
[2020-06-26T23:16:02.351+0300][1616.687s][info][gc] GC(372) Pause Full (Ergonomics) 207M->207M(245M) 5557.318ms
[2020-06-26T23:16:05.968+0300][1620.303s][info][gc] GC(373) Pause Full (Ergonomics) 207M->207M(245M) 3613.986ms
[2020-06-26T23:16:09.081+0300][1623.416s][info][gc] GC(374) Pause Full (Ergonomics) 207M->207M(245M) 3111.416ms
[2020-06-26T23:16:12.299+0300][1626.635s][info][gc] GC(375) Pause Full (Ergonomics) 207M->207M(245M) 3217.284ms
[2020-06-26T23:16:15.818+0300][1630.154s][info][gc] GC(376) Pause Full (Ergonomics) 207M->207M(245M) 3518.109ms
[2020-06-26T23:16:19.073+0300][1633.409s][info][gc] GC(377) Pause Full (Ergonomics) 207M->207M(245M) 3253.276ms
[2020-06-26T23:16:22.077+0300][1636.413s][info][gc] GC(378) Pause Full (Ergonomics) 207M->207M(245M) 3001.717ms
[2020-06-26T23:16:25.279+0300][1639.614s][info][gc] GC(379) Pause Full (Ergonomics) 207M->207M(245M) 3198.409ms
[2020-06-26T23:16:28.610+0300][1642.945s][info][gc] GC(380) Pause Full (Ergonomics) 207M->207M(245M) 3330.049ms
[2020-06-26T23:16:31.688+0300][1646.024s][info][gc] GC(381) Pause Full (Ergonomics) 207M->207M(245M) 3077.524ms
[2020-06-26T23:16:34.675+0300][1649.011s][info][gc] GC(382) Pause Full (Ergonomics) 207M->207M(245M) 2985.280ms
[2020-06-26T23:16:37.872+0300][1652.208s][info][gc] GC(383) Pause Full (Ergonomics) 207M->207M(245M) 3196.689ms
[2020-06-26T23:16:40.997+0300][1655.332s][info][gc] GC(384) Pause Full (Ergonomics) 207M->207M(245M) 3122.668ms
[2020-06-26T23:16:44.012+0300][1658.348s][info][gc] GC(385) Pause Full (Ergonomics) 207M->207M(245M) 3014.294ms
[2020-06-26T23:16:47.192+0300][1661.527s][info][gc] GC(386) Pause Full (Ergonomics) 207M->207M(245M) 3177.965ms
[2020-06-26T23:16:50.219+0300][1664.555s][info][gc] GC(387) Pause Full (Ergonomics) 207M->207M(245M) 3022.677ms
[2020-06-26T23:16:53.292+0300][1667.627s][info][gc] GC(388) Pause Full (Ergonomics) 207M->207M(245M) 3071.524ms
[2020-06-26T23:16:56.271+0300][1670.606s][info][gc] GC(389) Pause Full (Ergonomics) 207M->207M(245M) 2976.206ms
[2020-06-26T23:16:59.306+0300][1673.642s][info][gc] GC(390) Pause Full (Ergonomics) 207M->207M(245M) 3032.608ms
[2020-06-26T23:17:02.578+0300][1676.913s][info][gc] GC(391) Pause Full (Ergonomics) 207M->207M(245M) 3263.148ms
[2020-06-26T23:17:05.598+0300][1679.933s][info][gc] GC(392) Pause Full (Ergonomics) 207M->207M(245M) 3017.413ms
[2020-06-26T23:17:08.552+0300][1682.888s][info][gc] GC(393) Pause Full (Ergonomics) 207M->207M(245M) 2953.297ms
[2020-06-26T23:17:11.387+0300][1685.723s][info][gc] GC(394) Pause Full (Ergonomics) 207M->207M(245M) 2833.489ms
[2020-06-26T23:17:14.302+0300][1688.638s][info][gc] GC(395) Pause Full (Ergonomics) 207M->207M(245M) 2910.907ms
[2020-06-26T23:17:17.341+0300][1691.677s][info][gc] GC(396) Pause Full (Ergonomics) 207M->207M(245M) 3037.437ms
[2020-06-26T23:17:20.545+0300][1694.880s][info][gc] GC(397) Pause Full (Ergonomics) 207M->207M(245M) 3200.342ms
[2020-06-26T23:17:23.516+0300][1697.852s][info][gc] GC(398) Pause Full (Ergonomics) 207M->207M(245M) 2969.164ms
[2020-06-26T23:17:26.532+0300][1700.867s][info][gc] GC(399) Pause Full (Ergonomics) 207M->207M(245M) 3013.727ms
[2020-06-26T23:17:29.366+0300][1703.701s][info][gc] GC(400) Pause Full (Ergonomics) 207M->207M(245M) 2832.136ms
[2020-06-26T23:17:32.210+0300][1706.546s][info][gc] GC(401) Pause Full (Ergonomics) 207M->207M(245M) 2842.700ms
[2020-06-26T23:17:35.472+0300][1709.808s][info][gc] GC(402) Pause Full (Ergonomics) 207M->207M(245M) 3259.963ms
[2020-06-26T23:17:38.619+0300][1712.955s][info][gc] GC(403) Pause Full (Ergonomics) 207M->207M(245M) 3143.413ms
[2020-06-26T23:17:41.576+0300][1715.912s][info][gc] GC(404) Pause Full (Ergonomics) 207M->207M(245M) 2953.419ms
[2020-06-26T23:17:44.366+0300][1718.702s][info][gc] GC(405) Pause Full (Ergonomics) 207M->207M(245M) 2787.909ms
[2020-06-26T23:17:47.345+0300][1721.680s][info][gc] GC(406) Pause Full (Ergonomics) 207M->207M(245M) 2976.080ms
[2020-06-26T23:17:50.306+0300][1724.641s][info][gc] GC(407) Pause Full (Ergonomics) 207M->207M(245M) 2955.719ms
[2020-06-26T23:17:53.886+0300][1728.222s][info][gc] GC(408) Pause Full (Ergonomics) 207M->207M(245M) 3579.401ms
[2020-06-26T23:17:57.195+0300][1731.530s][info][gc] GC(409) Pause Full (Ergonomics) 207M->207M(245M) 3307.163ms
[2020-06-26T23:18:00.201+0300][1734.537s][info][gc] GC(410) Pause Full (Ergonomics) 207M->207M(245M) 3005.863ms
[2020-06-26T23:18:03.223+0300][1737.559s][info][gc] GC(411) Pause Full (Ergonomics) 207M->207M(245M) 3020.135ms
[2020-06-26T23:18:06.169+0300][1740.505s][info][gc] GC(412) Pause Full (Ergonomics) 207M->207M(245M) 2944.553ms
[2020-06-26T23:18:09.312+0300][1743.647s][info][gc] GC(413) Pause Full (Ergonomics) 207M->207M(245M) 3141.180ms
[2020-06-26T23:18:12.359+0300][1746.694s][info][gc] GC(414) Pause Full (Ergonomics) 207M->207M(245M) 3045.834ms
[2020-06-26T23:18:15.494+0300][1749.830s][info][gc] GC(415) Pause Full (Ergonomics) 207M->207M(245M) 3132.777ms
[2020-06-26T23:18:18.476+0300][1752.812s][info][gc] GC(416) Pause Full (Ergonomics) 207M->207M(245M) 2980.635ms
[2020-06-26T23:18:21.456+0300][1755.792s][info][gc] GC(417) Pause Full (Ergonomics) 207M->207M(245M) 2978.095ms
[2020-06-26T23:18:25.757+0300][1760.092s][info][gc] GC(418) Pause Full (Ergonomics) 207M->207M(245M) 4298.443ms
[2020-06-26T23:18:29.380+0300][1763.716s][info][gc] GC(419) Pause Full (Ergonomics) 207M->207M(245M) 3623.169ms
[2020-06-26T23:18:32.250+0300][1766.585s][info][gc] GC(420) Pause Full (Ergonomics) 207M->207M(245M) 2865.796ms
[2020-06-26T23:18:35.223+0300][1769.559s][info][gc] GC(421) Pause Full (Ergonomics) 207M->207M(245M) 2972.047ms
[2020-06-26T23:18:40.128+0300][1774.463s][info][gc] GC(422) Pause Full (Ergonomics) 207M->207M(245M) 4903.473ms
[2020-06-26T23:18:43.566+0300][1777.902s][info][gc] GC(423) Pause Full (Ergonomics) 207M->207M(245M) 3390.152ms
[2020-06-26T23:18:47.220+0300][1781.555s][info][gc] GC(424) Pause Full (Ergonomics) 207M->207M(245M) 3651.661ms
[2020-06-26T23:18:52.426+0300][1786.761s][info][gc] GC(425) Pause Full (Ergonomics) 207M->207M(245M) 5187.962ms
[2020-06-26T23:18:55.908+0300][1790.243s][info][gc] GC(426) Pause Full (Ergonomics) 207M->207M(245M) 3481.056ms
[2020-06-26T23:18:59.060+0300][1793.397s][info][gc] GC(427) Pause Full (Ergonomics) 207M->207M(245M) 3151.751ms
[2020-06-26T23:19:02.242+0300][1796.578s][info][gc] GC(428) Pause Full (Ergonomics) 207M->207M(245M) 3180.026ms
[2020-06-26T23:19:05.467+0300][1799.803s][info][gc] GC(429) Pause Full (Ergonomics) 207M->207M(245M) 3223.924ms
[2020-06-26T23:19:08.635+0300][1802.971s][info][gc] GC(430) Pause Full (Ergonomics) 207M->207M(245M) 3162.074ms
[2020-06-26T23:19:11.414+0300][1805.750s][info][gc] GC(431) Pause Full (Ergonomics) 207M->207M(245M) 2775.357ms
[2020-06-26T23:19:14.581+0300][1808.917s][info][gc] GC(432) Pause Full (Ergonomics) 207M->207M(245M) 3165.077ms
[2020-06-26T23:19:17.463+0300][1811.798s][info][gc] GC(433) Pause Full (Ergonomics) 207M->207M(245M) 2876.739ms
[2020-06-26T23:19:20.393+0300][1814.729s][info][gc] GC(434) Pause Full (Ergonomics) 207M->207M(245M) 2928.117ms
[2020-06-26T23:19:23.469+0300][1817.804s][info][gc] GC(435) Pause Full (Ergonomics) 207M->207M(245M) 3071.962ms
[2020-06-26T23:19:26.756+0300][1821.091s][info][gc] GC(436) Pause Full (Ergonomics) 207M->207M(245M) 3279.736ms
[2020-06-26T23:19:29.697+0300][1824.032s][info][gc] GC(437) Pause Full (Ergonomics) 207M->207M(245M) 2939.025ms
[2020-06-26T23:19:32.823+0300][1827.159s][info][gc] GC(438) Pause Full (Ergonomics) 207M->207M(245M) 3123.679ms
[2020-06-26T23:19:35.710+0300][1830.045s][info][gc] GC(439) Pause Full (Ergonomics) 207M->207M(245M) 2884.734ms
[2020-06-26T23:19:38.616+0300][1832.952s][info][gc] GC(440) Pause Full (Ergonomics) 207M->207M(245M) 2904.580ms
[2020-06-26T23:19:41.374+0300][1835.709s][info][gc] GC(441) Pause Full (Ergonomics) 207M->207M(245M) 2753.554ms
[2020-06-26T23:19:44.273+0300][1838.609s][info][gc] GC(442) Pause Full (Ergonomics) 207M->207M(245M) 2895.970ms
[2020-06-26T23:19:47.243+0300][1841.578s][info][gc] GC(443) Pause Full (Ergonomics) 207M->207M(245M) 2968.473ms
[2020-06-26T23:19:50.365+0300][1844.701s][info][gc] GC(444) Pause Full (Ergonomics) 207M->207M(245M) 3120.437ms
[2020-06-26T23:19:53.412+0300][1847.747s][info][gc] GC(445) Pause Full (Ergonomics) 207M->207M(245M) 3041.313ms
[2020-06-26T23:19:56.345+0300][1850.681s][info][gc] GC(446) Pause Full (Ergonomics) 207M->207M(245M) 2932.431ms
[2020-06-26T23:19:59.480+0300][1853.816s][info][gc] GC(447) Pause Full (Ergonomics) 207M->207M(245M) 3128.476ms
[2020-06-26T23:20:03.381+0300][1857.717s][info][gc] GC(448) Pause Full (Ergonomics) 207M->207M(245M) 3896.568ms
[2020-06-26T23:20:07.371+0300][1861.707s][info][gc] GC(449) Pause Full (Ergonomics) 207M->207M(245M) 3925.011ms
[2020-06-26T23:20:10.644+0300][1864.979s][info][gc] GC(450) Pause Full (Ergonomics) 207M->207M(245M) 3269.550ms
[2020-06-26T23:20:13.573+0300][1867.909s][info][gc] GC(451) Pause Full (Ergonomics) 207M->207M(245M) 2926.694ms
[2020-06-26T23:20:16.695+0300][1871.031s][info][gc] GC(452) Pause Full (Ergonomics) 207M->207M(245M) 3120.887ms
[2020-06-26T23:20:19.393+0300][1873.728s][info][gc] GC(453) Pause Full (Ergonomics) 207M->207M(245M) 2696.526ms
[2020-06-26T23:20:23.303+0300][1877.638s][info][gc] GC(454) Pause Full (Ergonomics) 207M->207M(245M) 3908.129ms
