[2020-06-26T22:34:02.469+0300][0.105s][info][gc] Using Serial
[2020-06-26T22:34:35.299+0300][32.936s][info][gc] GC(0) Pause Young (Allocation Failure) 68M->29M(247M) 329.568ms
[2020-06-26T22:35:07.916+0300][65.552s][info][gc] GC(1) Pause Young (Allocation Failure) 94M->54M(247M) 295.712ms
[2020-06-26T22:35:34.404+0300][92.040s][info][gc] GC(2) Pause Young (Allocation Failure) 116M->91M(247M) 500.239ms
[2020-06-26T22:36:00.435+0300][118.071s][info][gc] GC(3) Pause Young (Allocation Failure) 159M->135M(247M) 399.161ms
[2020-06-26T22:36:19.242+0300][136.879s][info][gc] GC(4) Pause Young (Allocation Failure) 204M->204M(247M) 0.847ms
[2020-06-26T22:36:20.570+0300][138.206s][info][gc] GC(5) Pause Full (Allocation Failure) 204M->136M(247M) 1323.312ms
[2020-06-26T22:37:00.257+0300][177.894s][info][gc] GC(6) Pause Young (Allocation Failure) 205M->205M(247M) 0.203ms
[2020-06-26T22:37:01.741+0300][179.377s][info][gc] GC(7) Pause Full (Allocation Failure) 205M->169M(247M) 1482.858ms
[2020-06-26T22:37:12.649+0300][190.286s][info][gc] GC(8) Pause Young (Allocation Failure) 188M->188M(247M) 0.231ms
[2020-06-26T22:37:14.007+0300][191.643s][info][gc] GC(9) Pause Full (Allocation Failure) 188M->178M(247M) 1357.488ms
[2020-06-26T22:37:26.067+0300][203.703s][info][gc] GC(10) Pause Full (Allocation Failure) 247M->203M(247M) 1912.023ms
[2020-06-26T22:37:57.089+0300][234.725s][info][gc] GC(11) Pause Full (Allocation Failure) 247M->233M(247M) 1868.593ms
[2020-06-26T22:38:08.231+0300][245.868s][info][gc] GC(12) Pause Full (Allocation Failure) 247M->240M(247M) 1880.629ms
[2020-06-26T22:38:14.842+0300][252.479s][info][gc] GC(13) Pause Full (Allocation Failure) 247M->243M(247M) 1787.942ms
[2020-06-26T22:38:19.411+0300][257.048s][info][gc] GC(14) Pause Full (Allocation Failure) 247M->236M(247M) 2165.621ms
[2020-06-26T22:38:27.981+0300][265.618s][info][gc] GC(15) Pause Full (Allocation Failure) 247M->246M(247M) 1762.519ms
[2020-06-26T22:38:30.224+0300][267.860s][info][gc] GC(16) Pause Full (Allocation Failure) 247M->247M(247M) 1752.105ms
[2020-06-26T22:38:32.140+0300][269.776s][info][gc] GC(17) Pause Full (Allocation Failure) 247M->247M(247M) 1814.407ms
[2020-06-26T22:38:33.972+0300][271.608s][info][gc] GC(18) Pause Full (Allocation Failure) 247M->242M(247M) 1728.199ms
[2020-06-26T22:38:39.084+0300][276.720s][info][gc] GC(19) Pause Full (Allocation Failure) 247M->247M(247M) 1731.987ms
[2020-06-26T22:38:40.836+0300][278.473s][info][gc] GC(20) Pause Full (Allocation Failure) 247M->247M(247M) 1744.241ms
[2020-06-26T22:38:42.568+0300][280.204s][info][gc] GC(21) Pause Full (Allocation Failure) 247M->247M(247M) 1727.327ms
[2020-06-26T22:38:44.651+0300][282.287s][info][gc] GC(22) Pause Full (Allocation Failure) 247M->245M(247M) 2077.455ms
[2020-06-26T22:38:47.809+0300][285.445s][info][gc] GC(23) Pause Full (Allocation Failure) 247M->247M(247M) 1718.668ms
[2020-06-26T22:38:49.529+0300][287.166s][info][gc] GC(24) Pause Full (Allocation Failure) 247M->247M(247M) 1719.203ms
[2020-06-26T22:38:51.249+0300][288.886s][info][gc] GC(25) Pause Full (Allocation Failure) 247M->247M(247M) 1719.489ms
[2020-06-26T22:38:53.376+0300][291.012s][info][gc] GC(26) Pause Full (Allocation Failure) 247M->246M(247M) 2124.303ms
[2020-06-26T22:38:55.959+0300][293.595s][info][gc] GC(27) Pause Full (Allocation Failure) 247M->247M(247M) 1913.367ms
[2020-06-26T22:38:57.688+0300][295.324s][info][gc] GC(28) Pause Full (Allocation Failure) 247M->247M(247M) 1727.827ms
[2020-06-26T22:38:59.408+0300][297.045s][info][gc] GC(29) Pause Full (Allocation Failure) 247M->247M(247M) 1720.027ms
[2020-06-26T22:39:01.645+0300][299.282s][info][gc] GC(30) Pause Full (Allocation Failure) 247M->246M(247M) 2236.811ms
[2020-06-26T22:39:03.822+0300][301.458s][info][gc] GC(31) Pause Full (Allocation Failure) 247M->247M(247M) 1755.903ms
[2020-06-26T22:39:05.560+0300][303.197s][info][gc] GC(32) Pause Full (Allocation Failure) 247M->247M(247M) 1737.691ms
[2020-06-26T22:39:07.287+0300][304.923s][info][gc] GC(33) Pause Full (Allocation Failure) 247M->247M(247M) 1726.115ms
[2020-06-26T22:39:09.006+0300][306.643s][info][gc] GC(34) Pause Full (Allocation Failure) 247M->246M(247M) 1718.620ms
[2020-06-26T22:39:11.157+0300][308.793s][info][gc] GC(35) Pause Full (Allocation Failure) 247M->247M(247M) 1913.265ms
[2020-06-26T22:39:12.883+0300][310.520s][info][gc] GC(36) Pause Full (Allocation Failure) 247M->247M(247M) 1726.123ms
[2020-06-26T22:39:14.614+0300][312.250s][info][gc] GC(37) Pause Full (Allocation Failure) 247M->247M(247M) 1728.973ms
[2020-06-26T22:39:16.684+0300][314.321s][info][gc] GC(38) Pause Full (Allocation Failure) 247M->247M(247M) 2070.391ms
[2020-06-26T22:39:18.569+0300][316.206s][info][gc] GC(39) Pause Full (Allocation Failure) 247M->247M(247M) 1784.665ms
[2020-06-26T22:39:20.294+0300][317.930s][info][gc] GC(40) Pause Full (Allocation Failure) 247M->247M(247M) 1723.626ms
[2020-06-26T22:39:22.018+0300][319.654s][info][gc] GC(41) Pause Full (Allocation Failure) 247M->247M(247M) 1723.745ms
[2020-06-26T22:39:24.258+0300][321.894s][info][gc] GC(42) Pause Full (Allocation Failure) 247M->247M(247M) 2236.492ms
[2020-06-26T22:39:26.004+0300][323.641s][info][gc] GC(43) Pause Full (Allocation Failure) 247M->247M(247M) 1721.487ms
[2020-06-26T22:39:27.714+0300][325.350s][info][gc] GC(44) Pause Full (Allocation Failure) 247M->247M(247M) 1708.753ms
[2020-06-26T22:39:29.427+0300][327.064s][info][gc] GC(45) Pause Full (Allocation Failure) 247M->247M(247M) 1713.014ms
[2020-06-26T22:39:31.617+0300][329.253s][info][gc] GC(46) Pause Full (Allocation Failure) 247M->247M(247M) 2188.843ms
[2020-06-26T22:39:33.348+0300][330.985s][info][gc] GC(47) Pause Full (Allocation Failure) 247M->247M(247M) 1722.011ms
[2020-06-26T22:39:35.478+0300][333.114s][info][gc] GC(48) Pause Full (Allocation Failure) 247M->247M(247M) 2128.486ms
[2020-06-26T22:39:37.228+0300][334.864s][info][gc] GC(49) Pause Full (Allocation Failure) 247M->247M(247M) 1735.049ms
[2020-06-26T22:39:39.307+0300][336.944s][info][gc] GC(50) Pause Full (Allocation Failure) 247M->247M(247M) 2078.935ms
[2020-06-26T22:39:41.040+0300][338.677s][info][gc] GC(51) Pause Full (Allocation Failure) 247M->247M(247M) 1723.818ms
[2020-06-26T22:39:43.233+0300][340.870s][info][gc] GC(52) Pause Full (Allocation Failure) 247M->247M(247M) 2192.383ms
[2020-06-26T22:39:44.968+0300][342.604s][info][gc] GC(53) Pause Full (Allocation Failure) 247M->247M(247M) 1726.464ms
[2020-06-26T22:39:47.242+0300][344.879s][info][gc] GC(54) Pause Full (Allocation Failure) 247M->247M(247M) 2274.334ms
[2020-06-26T22:39:49.062+0300][346.698s][info][gc] GC(55) Pause Full (Allocation Failure) 247M->247M(247M) 1805.578ms
[2020-06-26T22:39:50.859+0300][348.495s][info][gc] GC(56) Pause Full (Allocation Failure) 247M->247M(247M) 1796.580ms
[2020-06-26T22:39:52.629+0300][350.265s][info][gc] GC(57) Pause Full (Allocation Failure) 247M->247M(247M) 1765.624ms
[2020-06-26T22:39:55.164+0300][352.800s][info][gc] GC(58) Pause Full (Allocation Failure) 247M->247M(247M) 2535.086ms
[2020-06-26T22:39:56.877+0300][354.514s][info][gc] GC(59) Pause Full (Allocation Failure) 247M->247M(247M) 1711.902ms
[2020-06-26T22:39:59.033+0300][356.669s][info][gc] GC(60) Pause Full (Allocation Failure) 247M->247M(247M) 2154.821ms
[2020-06-26T22:40:00.814+0300][358.450s][info][gc] GC(61) Pause Full (Allocation Failure) 247M->247M(247M) 1778.402ms
[2020-06-26T22:40:02.958+0300][360.595s][info][gc] GC(62) Pause Full (Allocation Failure) 247M->247M(247M) 2144.146ms
[2020-06-26T22:40:04.675+0300][362.312s][info][gc] GC(63) Pause Full (Allocation Failure) 247M->247M(247M) 1715.814ms
[2020-06-26T22:40:06.803+0300][364.439s][info][gc] GC(64) Pause Full (Allocation Failure) 247M->247M(247M) 2126.776ms
[2020-06-26T22:40:08.518+0300][366.155s][info][gc] GC(65) Pause Full (Allocation Failure) 247M->247M(247M) 1715.169ms
[2020-06-26T22:40:10.237+0300][367.874s][info][gc] GC(66) Pause Full (Allocation Failure) 247M->247M(247M) 1719.168ms
[2020-06-26T22:40:11.949+0300][369.586s][info][gc] GC(67) Pause Full (Allocation Failure) 247M->247M(247M) 1710.346ms
[2020-06-26T22:40:13.667+0300][371.304s][info][gc] GC(68) Pause Full (Allocation Failure) 247M->247M(247M) 1717.796ms
[2020-06-26T22:40:15.398+0300][373.034s][info][gc] GC(69) Pause Full (Allocation Failure) 247M->247M(247M) 1724.976ms
[2020-06-26T22:40:17.595+0300][375.231s][info][gc] GC(70) Pause Full (Allocation Failure) 247M->247M(247M) 2196.664ms
[2020-06-26T22:40:19.328+0300][376.964s][info][gc] GC(71) Pause Full (Allocation Failure) 247M->247M(247M) 1731.685ms
[2020-06-26T22:40:21.115+0300][378.752s][info][gc] GC(72) Pause Full (Allocation Failure) 247M->247M(247M) 1786.850ms
[2020-06-26T22:40:22.857+0300][380.494s][info][gc] GC(73) Pause Full (Allocation Failure) 247M->247M(247M) 1742.012ms
[2020-06-26T22:40:24.571+0300][382.207s][info][gc] GC(74) Pause Full (Allocation Failure) 247M->247M(247M) 1711.969ms
[2020-06-26T22:40:26.342+0300][383.978s][info][gc] GC(75) Pause Full (Allocation Failure) 247M->247M(247M) 1768.623ms
[2020-06-26T22:40:28.128+0300][385.765s][info][gc] GC(76) Pause Full (Allocation Failure) 247M->247M(247M) 1786.355ms
[2020-06-26T22:40:29.921+0300][387.558s][info][gc] GC(77) Pause Full (Allocation Failure) 247M->247M(247M) 1791.458ms
[2020-06-26T22:40:31.711+0300][389.347s][info][gc] GC(78) Pause Full (Allocation Failure) 247M->247M(247M) 1788.723ms
[2020-06-26T22:40:33.475+0300][391.112s][info][gc] GC(79) Pause Full (Allocation Failure) 247M->247M(247M) 1762.339ms
[2020-06-26T22:40:35.606+0300][393.243s][info][gc] GC(80) Pause Full (Allocation Failure) 247M->247M(247M) 2130.958ms
[2020-06-26T22:40:37.327+0300][394.963s][info][gc] GC(81) Pause Full (Allocation Failure) 247M->247M(247M) 1719.138ms
[2020-06-26T22:40:39.525+0300][397.161s][info][gc] GC(82) Pause Full (Allocation Failure) 247M->247M(247M) 2198.358ms
[2020-06-26T22:40:41.240+0300][398.876s][info][gc] GC(83) Pause Full (Allocation Failure) 247M->247M(247M) 1711.953ms
[2020-06-26T22:40:43.278+0300][400.914s][info][gc] GC(84) Pause Full (Allocation Failure) 247M->247M(247M) 2038.076ms
[2020-06-26T22:40:45.085+0300][402.721s][info][gc] GC(85) Pause Full (Allocation Failure) 247M->247M(247M) 1804.923ms
[2020-06-26T22:40:46.805+0300][404.442s][info][gc] GC(86) Pause Full (Allocation Failure) 247M->247M(247M) 1720.311ms
[2020-06-26T22:40:48.524+0300][406.160s][info][gc] GC(87) Pause Full (Allocation Failure) 247M->247M(247M) 1717.315ms
[2020-06-26T22:40:50.236+0300][407.873s][info][gc] GC(88) Pause Full (Allocation Failure) 247M->247M(247M) 1712.362ms
[2020-06-26T22:40:51.952+0300][409.589s][info][gc] GC(89) Pause Full (Allocation Failure) 247M->247M(247M) 1715.525ms
[2020-06-26T22:40:53.684+0300][411.321s][info][gc] GC(90) Pause Full (Allocation Failure) 247M->247M(247M) 1732.187ms
[2020-06-26T22:40:55.400+0300][413.036s][info][gc] GC(91) Pause Full (Allocation Failure) 247M->247M(247M) 1713.697ms
[2020-06-26T22:40:57.117+0300][414.754s][info][gc] GC(92) Pause Full (Allocation Failure) 247M->247M(247M) 1717.451ms
[2020-06-26T22:40:58.831+0300][416.468s][info][gc] GC(93) Pause Full (Allocation Failure) 247M->247M(247M) 1713.512ms
[2020-06-26T22:41:00.553+0300][418.189s][info][gc] GC(94) Pause Full (Allocation Failure) 247M->247M(247M) 1720.917ms
[2020-06-26T22:41:02.270+0300][419.906s][info][gc] GC(95) Pause Full (Allocation Failure) 247M->247M(247M) 1716.631ms
[2020-06-26T22:41:03.989+0300][421.625s][info][gc] GC(96) Pause Full (Allocation Failure) 247M->247M(247M) 1719.110ms
[2020-06-26T22:41:05.713+0300][423.349s][info][gc] GC(97) Pause Full (Allocation Failure) 247M->247M(247M) 1722.012ms
[2020-06-26T22:41:07.424+0300][425.060s][info][gc] GC(98) Pause Full (Allocation Failure) 247M->247M(247M) 1711.003ms
[2020-06-26T22:41:09.132+0300][426.769s][info][gc] GC(99) Pause Full (Allocation Failure) 247M->247M(247M) 1708.169ms
[2020-06-26T22:41:10.850+0300][428.486s][info][gc] GC(100) Pause Full (Allocation Failure) 247M->247M(247M) 1716.888ms
[2020-06-26T22:41:12.565+0300][430.202s][info][gc] GC(101) Pause Full (Allocation Failure) 247M->247M(247M) 1714.992ms
[2020-06-26T22:41:14.278+0300][431.914s][info][gc] GC(102) Pause Full (Allocation Failure) 247M->247M(247M) 1712.279ms
[2020-06-26T22:41:15.988+0300][433.625s][info][gc] GC(103) Pause Full (Allocation Failure) 247M->247M(247M) 1709.255ms
[2020-06-26T22:41:17.697+0300][435.334s][info][gc] GC(104) Pause Full (Allocation Failure) 247M->247M(247M) 1708.867ms
[2020-06-26T22:41:19.414+0300][437.051s][info][gc] GC(105) Pause Full (Allocation Failure) 247M->247M(247M) 1716.241ms
[2020-06-26T22:41:21.127+0300][438.764s][info][gc] GC(106) Pause Full (Allocation Failure) 247M->247M(247M) 1712.821ms
[2020-06-26T22:41:22.845+0300][440.481s][info][gc] GC(107) Pause Full (Allocation Failure) 247M->247M(247M) 1715.019ms
[2020-06-26T22:41:24.559+0300][442.195s][info][gc] GC(108) Pause Full (Allocation Failure) 247M->247M(247M) 1714.452ms
[2020-06-26T22:41:26.280+0300][443.917s][info][gc] GC(109) Pause Full (Allocation Failure) 247M->247M(247M) 1719.193ms
[2020-06-26T22:41:27.996+0300][445.632s][info][gc] GC(110) Pause Full (Allocation Failure) 247M->247M(247M) 1715.221ms
[2020-06-26T22:41:29.712+0300][447.349s][info][gc] GC(111) Pause Full (Allocation Failure) 247M->247M(247M) 1714.865ms
[2020-06-26T22:41:31.428+0300][449.064s][info][gc] GC(112) Pause Full (Allocation Failure) 247M->247M(247M) 1715.325ms
[2020-06-26T22:41:33.140+0300][450.777s][info][gc] GC(113) Pause Full (Allocation Failure) 247M->247M(247M) 1711.130ms
[2020-06-26T22:41:34.849+0300][452.486s][info][gc] GC(114) Pause Full (Allocation Failure) 247M->247M(247M) 1708.819ms
[2020-06-26T22:41:36.549+0300][454.185s][info][gc] GC(115) Pause Full (Allocation Failure) 247M->247M(247M) 1698.778ms
[2020-06-26T22:41:38.266+0300][455.903s][info][gc] GC(116) Pause Full (Allocation Failure) 247M->247M(247M) 1717.197ms
[2020-06-26T22:41:39.980+0300][457.616s][info][gc] GC(117) Pause Full (Allocation Failure) 247M->247M(247M) 1712.267ms
[2020-06-26T22:41:41.735+0300][459.372s][info][gc] GC(118) Pause Full (Allocation Failure) 247M->247M(247M) 1755.583ms
[2020-06-26T22:41:43.460+0300][461.097s][info][gc] GC(119) Pause Full (Allocation Failure) 247M->247M(247M) 1724.223ms
[2020-06-26T22:41:45.184+0300][462.820s][info][gc] GC(120) Pause Full (Allocation Failure) 247M->247M(247M) 1722.407ms
[2020-06-26T22:41:46.897+0300][464.533s][info][gc] GC(121) Pause Full (Allocation Failure) 247M->247M(247M) 1712.103ms
[2020-06-26T22:41:48.616+0300][466.253s][info][gc] GC(122) Pause Full (Allocation Failure) 247M->247M(247M) 1719.949ms
[2020-06-26T22:41:50.342+0300][467.979s][info][gc] GC(123) Pause Full (Allocation Failure) 247M->247M(247M) 1723.426ms
[2020-06-26T22:41:52.505+0300][470.141s][info][gc] GC(124) Pause Full (Allocation Failure) 247M->247M(247M) 2162.666ms
[2020-06-26T22:41:54.229+0300][471.866s][info][gc] GC(125) Pause Full (Allocation Failure) 247M->247M(247M) 1720.269ms
[2020-06-26T22:41:56.398+0300][474.034s][info][gc] GC(126) Pause Full (Allocation Failure) 247M->247M(247M) 2168.163ms
[2020-06-26T22:41:58.166+0300][475.803s][info][gc] GC(127) Pause Full (Allocation Failure) 247M->247M(247M) 1753.667ms
[2020-06-26T22:42:00.364+0300][478.000s][info][gc] GC(128) Pause Full (Allocation Failure) 247M->247M(247M) 2197.194ms
[2020-06-26T22:42:02.106+0300][479.742s][info][gc] GC(129) Pause Full (Allocation Failure) 247M->247M(247M) 1736.972ms
[2020-06-26T22:42:03.827+0300][481.464s][info][gc] GC(130) Pause Full (Allocation Failure) 247M->247M(247M) 1721.457ms
[2020-06-26T22:42:05.652+0300][483.289s][info][gc] GC(131) Pause Full (Allocation Failure) 247M->247M(247M) 1824.047ms
[2020-06-26T22:42:07.389+0300][485.025s][info][gc] GC(132) Pause Full (Allocation Failure) 247M->247M(247M) 1736.064ms
[2020-06-26T22:42:09.109+0300][486.746s][info][gc] GC(133) Pause Full (Allocation Failure) 247M->247M(247M) 1719.411ms
[2020-06-26T22:42:10.827+0300][488.463s][info][gc] GC(134) Pause Full (Allocation Failure) 247M->247M(247M) 1717.728ms
[2020-06-26T22:42:12.542+0300][490.178s][info][gc] GC(135) Pause Full (Allocation Failure) 247M->247M(247M) 1713.717ms
[2020-06-26T22:42:14.272+0300][491.909s][info][gc] GC(136) Pause Full (Allocation Failure) 247M->247M(247M) 1730.276ms
[2020-06-26T22:42:16.002+0300][493.639s][info][gc] GC(137) Pause Full (Allocation Failure) 247M->247M(247M) 1729.685ms
[2020-06-26T22:42:17.726+0300][495.363s][info][gc] GC(138) Pause Full (Allocation Failure) 247M->247M(247M) 1723.891ms
[2020-06-26T22:42:19.452+0300][497.088s][info][gc] GC(139) Pause Full (Allocation Failure) 247M->247M(247M) 1723.744ms
[2020-06-26T22:42:21.158+0300][498.794s][info][gc] GC(140) Pause Full (Allocation Failure) 247M->247M(247M) 1706.129ms
[2020-06-26T22:42:22.866+0300][500.503s][info][gc] GC(141) Pause Full (Allocation Failure) 247M->247M(247M) 1708.253ms
[2020-06-26T22:42:24.582+0300][502.218s][info][gc] GC(142) Pause Full (Allocation Failure) 247M->247M(247M) 1714.714ms
[2020-06-26T22:42:26.294+0300][503.931s][info][gc] GC(143) Pause Full (Allocation Failure) 247M->247M(247M) 1711.890ms
[2020-06-26T22:42:28.010+0300][505.647s][info][gc] GC(144) Pause Full (Allocation Failure) 247M->247M(247M) 1715.954ms
[2020-06-26T22:42:29.719+0300][507.355s][info][gc] GC(145) Pause Full (Allocation Failure) 247M->247M(247M) 1707.544ms
[2020-06-26T22:42:31.435+0300][509.071s][info][gc] GC(146) Pause Full (Allocation Failure) 247M->247M(247M) 1716.163ms
[2020-06-26T22:42:33.153+0300][510.789s][info][gc] GC(147) Pause Full (Allocation Failure) 247M->247M(247M) 1716.014ms
[2020-06-26T22:42:34.868+0300][512.504s][info][gc] GC(148) Pause Full (Allocation Failure) 247M->247M(247M) 1714.942ms
[2020-06-26T22:42:36.576+0300][514.212s][info][gc] GC(149) Pause Full (Allocation Failure) 247M->247M(247M) 1706.624ms
[2020-06-26T22:42:38.287+0300][515.923s][info][gc] GC(150) Pause Full (Allocation Failure) 247M->247M(247M) 1710.951ms
[2020-06-26T22:42:39.993+0300][517.630s][info][gc] GC(151) Pause Full (Allocation Failure) 247M->247M(247M) 1705.952ms
[2020-06-26T22:42:41.697+0300][519.334s][info][gc] GC(152) Pause Full (Allocation Failure) 247M->247M(247M) 1703.096ms
[2020-06-26T22:42:43.404+0300][521.041s][info][gc] GC(153) Pause Full (Allocation Failure) 247M->247M(247M) 1705.489ms
[2020-06-26T22:42:45.470+0300][523.106s][info][gc] GC(154) Pause Full (Allocation Failure) 247M->247M(247M) 2064.900ms
[2020-06-26T22:42:47.215+0300][524.851s][info][gc] GC(155) Pause Full (Allocation Failure) 247M->247M(247M) 1738.191ms
[2020-06-26T22:42:49.403+0300][527.039s][info][gc] GC(156) Pause Full (Allocation Failure) 247M->247M(247M) 2187.515ms
[2020-06-26T22:42:51.133+0300][528.770s][info][gc] GC(157) Pause Full (Allocation Failure) 247M->247M(247M) 1727.480ms
[2020-06-26T22:42:52.842+0300][530.479s][info][gc] GC(158) Pause Full (Allocation Failure) 247M->247M(247M) 1708.677ms
[2020-06-26T22:42:54.549+0300][532.185s][info][gc] GC(159) Pause Full (Allocation Failure) 247M->247M(247M) 1705.329ms
[2020-06-26T22:42:56.700+0300][534.336s][info][gc] GC(160) Pause Full (Allocation Failure) 247M->247M(247M) 2150.983ms
[2020-06-26T22:42:58.407+0300][536.043s][info][gc] GC(161) Pause Full (Allocation Failure) 247M->247M(247M) 1705.476ms
[2020-06-26T22:43:00.562+0300][538.199s][info][gc] GC(162) Pause Full (Allocation Failure) 247M->247M(247M) 2155.530ms
[2020-06-26T22:43:02.266+0300][539.903s][info][gc] GC(163) Pause Full (Allocation Failure) 247M->247M(247M) 1703.774ms
[2020-06-26T22:43:03.975+0300][541.611s][info][gc] GC(164) Pause Full (Allocation Failure) 247M->247M(247M) 1707.767ms
[2020-06-26T22:43:05.689+0300][543.326s][info][gc] GC(165) Pause Full (Allocation Failure) 247M->247M(247M) 1713.049ms
[2020-06-26T22:43:07.772+0300][545.409s][info][gc] GC(166) Pause Full (Allocation Failure) 247M->247M(247M) 2082.341ms
[2020-06-26T22:43:09.480+0300][547.116s][info][gc] GC(167) Pause Full (Allocation Failure) 247M->247M(247M) 1706.584ms
[2020-06-26T22:43:11.201+0300][548.838s][info][gc] GC(168) Pause Full (Allocation Failure) 247M->247M(247M) 1721.791ms
[2020-06-26T22:43:12.921+0300][550.558s][info][gc] GC(169) Pause Full (Allocation Failure) 247M->247M(247M) 1718.546ms
[2020-06-26T22:43:14.638+0300][552.275s][info][gc] GC(170) Pause Full (Allocation Failure) 247M->247M(247M) 1717.063ms
[2020-06-26T22:43:16.357+0300][553.993s][info][gc] GC(171) Pause Full (Allocation Failure) 247M->247M(247M) 1716.345ms
[2020-06-26T22:43:18.071+0300][555.708s][info][gc] GC(172) Pause Full (Allocation Failure) 247M->247M(247M) 1713.915ms
[2020-06-26T22:43:19.785+0300][557.421s][info][gc] GC(173) Pause Full (Allocation Failure) 247M->247M(247M) 1711.919ms
[2020-06-26T22:43:21.496+0300][559.133s][info][gc] GC(174) Pause Full (Allocation Failure) 247M->247M(247M) 1711.596ms
[2020-06-26T22:43:23.214+0300][560.850s][info][gc] GC(175) Pause Full (Allocation Failure) 247M->247M(247M) 1716.075ms
[2020-06-26T22:43:24.930+0300][562.567s][info][gc] GC(176) Pause Full (Allocation Failure) 247M->247M(247M) 1716.582ms
[2020-06-26T22:43:26.642+0300][564.279s][info][gc] GC(177) Pause Full (Allocation Failure) 247M->247M(247M) 1711.616ms
[2020-06-26T22:43:28.362+0300][565.998s][info][gc] GC(178) Pause Full (Allocation Failure) 247M->247M(247M) 1719.142ms
[2020-06-26T22:43:30.092+0300][567.728s][info][gc] GC(179) Pause Full (Allocation Failure) 247M->247M(247M) 1727.873ms
[2020-06-26T22:43:31.904+0300][569.541s][info][gc] GC(180) Pause Full (Allocation Failure) 247M->247M(247M) 1812.175ms
[2020-06-26T22:43:33.681+0300][571.317s][info][gc] GC(181) Pause Full (Allocation Failure) 247M->247M(247M) 1771.915ms
[2020-06-26T22:43:35.401+0300][573.038s][info][gc] GC(182) Pause Full (Allocation Failure) 247M->247M(247M) 1720.057ms
[2020-06-26T22:43:37.137+0300][574.773s][info][gc] GC(183) Pause Full (Allocation Failure) 247M->247M(247M) 1734.677ms
[2020-06-26T22:43:38.860+0300][576.497s][info][gc] GC(184) Pause Full (Allocation Failure) 247M->247M(247M) 1723.666ms
[2020-06-26T22:43:40.577+0300][578.213s][info][gc] GC(185) Pause Full (Allocation Failure) 247M->247M(247M) 1715.653ms
[2020-06-26T22:43:42.294+0300][579.930s][info][gc] GC(186) Pause Full (Allocation Failure) 247M->247M(247M) 1716.535ms
[2020-06-26T22:43:44.014+0300][581.651s][info][gc] GC(187) Pause Full (Allocation Failure) 247M->247M(247M) 1719.070ms
[2020-06-26T22:43:45.737+0300][583.374s][info][gc] GC(188) Pause Full (Allocation Failure) 247M->247M(247M) 1722.998ms
[2020-06-26T22:43:47.470+0300][585.106s][info][gc] GC(189) Pause Full (Allocation Failure) 247M->247M(247M) 1730.958ms
[2020-06-26T22:43:49.185+0300][586.821s][info][gc] GC(190) Pause Full (Allocation Failure) 247M->247M(247M) 1714.964ms
[2020-06-26T22:43:50.908+0300][588.544s][info][gc] GC(191) Pause Full (Allocation Failure) 247M->247M(247M) 1722.633ms
[2020-06-26T22:43:52.624+0300][590.261s][info][gc] GC(192) Pause Full (Allocation Failure) 247M->247M(247M) 1716.082ms
[2020-06-26T22:43:54.335+0300][591.972s][info][gc] GC(193) Pause Full (Allocation Failure) 247M->247M(247M) 1709.114ms
[2020-06-26T22:43:56.043+0300][593.680s][info][gc] GC(194) Pause Full (Allocation Failure) 247M->247M(247M) 1707.898ms
[2020-06-26T22:43:57.762+0300][595.399s][info][gc] GC(195) Pause Full (Allocation Failure) 247M->247M(247M) 1718.075ms
[2020-06-26T22:43:59.487+0300][597.123s][info][gc] GC(196) Pause Full (Allocation Failure) 247M->247M(247M) 1724.507ms
[2020-06-26T22:44:01.212+0300][598.848s][info][gc] GC(197) Pause Full (Allocation Failure) 247M->247M(247M) 1724.515ms
[2020-06-26T22:44:02.924+0300][600.561s][info][gc] GC(198) Pause Full (Allocation Failure) 247M->247M(247M) 1711.781ms
[2020-06-26T22:44:04.636+0300][602.272s][info][gc] GC(199) Pause Full (Allocation Failure) 247M->247M(247M) 1710.343ms
[2020-06-26T22:44:06.345+0300][603.982s][info][gc] GC(200) Pause Full (Allocation Failure) 247M->247M(247M) 1709.458ms
[2020-06-26T22:44:08.068+0300][605.705s][info][gc] GC(201) Pause Full (Allocation Failure) 247M->247M(247M) 1722.388ms
[2020-06-26T22:44:09.782+0300][607.418s][info][gc] GC(202) Pause Full (Allocation Failure) 247M->247M(247M) 1713.506ms
[2020-06-26T22:44:11.508+0300][609.145s][info][gc] GC(203) Pause Full (Allocation Failure) 247M->247M(247M) 1725.468ms
[2020-06-26T22:44:13.223+0300][610.859s][info][gc] GC(204) Pause Full (Allocation Failure) 247M->247M(247M) 1714.320ms
[2020-06-26T22:44:14.949+0300][612.586s][info][gc] GC(205) Pause Full (Allocation Failure) 247M->247M(247M) 1725.333ms
[2020-06-26T22:44:16.663+0300][614.300s][info][gc] GC(206) Pause Full (Allocation Failure) 247M->247M(247M) 1713.700ms
[2020-06-26T22:44:18.381+0300][616.017s][info][gc] GC(207) Pause Full (Allocation Failure) 247M->247M(247M) 1713.229ms
[2020-06-26T22:44:20.210+0300][617.847s][info][gc] GC(208) Pause Full (Allocation Failure) 247M->247M(247M) 1829.623ms
[2020-06-26T22:44:21.951+0300][619.588s][info][gc] GC(209) Pause Full (Allocation Failure) 247M->247M(247M) 1734.317ms
[2020-06-26T22:44:23.681+0300][621.317s][info][gc] GC(210) Pause Full (Allocation Failure) 247M->247M(247M) 1729.205ms
[2020-06-26T22:44:25.438+0300][623.074s][info][gc] GC(211) Pause Full (Allocation Failure) 247M->247M(247M) 1754.749ms
[2020-06-26T22:44:27.625+0300][625.262s][info][gc] GC(212) Pause Full (Allocation Failure) 247M->247M(247M) 2187.580ms
[2020-06-26T22:44:29.357+0300][626.993s][info][gc] GC(213) Pause Full (Allocation Failure) 247M->247M(247M) 1728.095ms
[2020-06-26T22:44:31.500+0300][629.137s][info][gc] GC(214) Pause Full (Allocation Failure) 247M->247M(247M) 2143.324ms
[2020-06-26T22:44:33.217+0300][630.853s][info][gc] GC(215) Pause Full (Allocation Failure) 247M->247M(247M) 1710.826ms
[2020-06-26T22:44:34.929+0300][632.566s][info][gc] GC(216) Pause Full (Allocation Failure) 247M->247M(247M) 1712.274ms
[2020-06-26T22:44:36.644+0300][634.281s][info][gc] GC(217) Pause Full (Allocation Failure) 247M->247M(247M) 1714.136ms
[2020-06-26T22:44:38.362+0300][635.998s][info][gc] GC(218) Pause Full (Allocation Failure) 247M->247M(247M) 1717.431ms
[2020-06-26T22:44:40.084+0300][637.721s][info][gc] GC(219) Pause Full (Allocation Failure) 247M->247M(247M) 1721.356ms
[2020-06-26T22:44:41.801+0300][639.437s][info][gc] GC(220) Pause Full (Allocation Failure) 247M->247M(247M) 1716.540ms
[2020-06-26T22:44:43.515+0300][641.152s][info][gc] GC(221) Pause Full (Allocation Failure) 247M->247M(247M) 1713.534ms
[2020-06-26T22:44:45.225+0300][642.862s][info][gc] GC(222) Pause Full (Allocation Failure) 247M->247M(247M) 1709.369ms
[2020-06-26T22:44:46.940+0300][644.577s][info][gc] GC(223) Pause Full (Allocation Failure) 247M->247M(247M) 1713.559ms
[2020-06-26T22:44:48.653+0300][646.290s][info][gc] GC(224) Pause Full (Allocation Failure) 247M->247M(247M) 1713.242ms
[2020-06-26T22:44:50.363+0300][647.999s][info][gc] GC(225) Pause Full (Allocation Failure) 247M->247M(247M) 1707.962ms
[2020-06-26T22:44:52.080+0300][649.717s][info][gc] GC(226) Pause Full (Allocation Failure) 247M->247M(247M) 1717.269ms
[2020-06-26T22:44:53.813+0300][651.450s][info][gc] GC(227) Pause Full (Allocation Failure) 247M->247M(247M) 1732.615ms
[2020-06-26T22:44:55.524+0300][653.160s][info][gc] GC(228) Pause Full (Allocation Failure) 247M->247M(247M) 1709.695ms
[2020-06-26T22:44:57.240+0300][654.876s][info][gc] GC(229) Pause Full (Allocation Failure) 247M->247M(247M) 1715.527ms
[2020-06-26T22:44:59.396+0300][657.032s][info][gc] GC(230) Pause Full (Allocation Failure) 247M->247M(247M) 2155.609ms
[2020-06-26T22:45:01.113+0300][658.749s][info][gc] GC(231) Pause Full (Allocation Failure) 247M->247M(247M) 1715.547ms
[2020-06-26T22:45:02.820+0300][660.457s][info][gc] GC(232) Pause Full (Allocation Failure) 247M->247M(247M) 1707.306ms
[2020-06-26T22:45:04.525+0300][662.162s][info][gc] GC(233) Pause Full (Allocation Failure) 247M->247M(247M) 1704.698ms
[2020-06-26T22:45:06.611+0300][664.248s][info][gc] GC(234) Pause Full (Allocation Failure) 247M->247M(247M) 2085.231ms
[2020-06-26T22:45:08.325+0300][665.961s][info][gc] GC(235) Pause Full (Allocation Failure) 247M->247M(247M) 1712.481ms
[2020-06-26T22:45:10.045+0300][667.681s][info][gc] GC(236) Pause Full (Allocation Failure) 247M->247M(247M) 1719.758ms
[2020-06-26T22:45:11.765+0300][669.402s][info][gc] GC(237) Pause Full (Allocation Failure) 247M->247M(247M) 1720.052ms
[2020-06-26T22:45:13.481+0300][671.117s][info][gc] GC(238) Pause Full (Allocation Failure) 247M->247M(247M) 1715.188ms
[2020-06-26T22:45:15.200+0300][672.836s][info][gc] GC(239) Pause Full (Allocation Failure) 247M->247M(247M) 1718.320ms
[2020-06-26T22:45:16.916+0300][674.553s][info][gc] GC(240) Pause Full (Allocation Failure) 247M->247M(247M) 1715.932ms
[2020-06-26T22:45:18.630+0300][676.267s][info][gc] GC(241) Pause Full (Allocation Failure) 247M->247M(247M) 1713.366ms
[2020-06-26T22:45:20.343+0300][677.979s][info][gc] GC(242) Pause Full (Allocation Failure) 247M->247M(247M) 1712.482ms
[2020-06-26T22:45:22.124+0300][679.760s][info][gc] GC(243) Pause Full (Allocation Failure) 247M->247M(247M) 1773.402ms
[2020-06-26T22:45:23.971+0300][681.608s][info][gc] GC(244) Pause Full (Allocation Failure) 247M->247M(247M) 1847.160ms
[2020-06-26T22:45:25.760+0300][683.396s][info][gc] GC(245) Pause Full (Allocation Failure) 247M->247M(247M) 1787.434ms
[2020-06-26T22:45:28.258+0300][685.895s][info][gc] GC(246) Pause Full (Allocation Failure) 247M->247M(247M) 2498.396ms
[2020-06-26T22:45:31.215+0300][688.852s][info][gc] GC(247) Pause Full (Allocation Failure) 247M->247M(247M) 2948.383ms
[2020-06-26T22:45:34.642+0300][692.279s][info][gc] GC(248) Pause Full (Allocation Failure) 247M->247M(247M) 3426.703ms
[2020-06-26T22:45:36.814+0300][694.451s][info][gc] GC(249) Pause Full (Allocation Failure) 247M->247M(247M) 2170.136ms
[2020-06-26T22:45:38.759+0300][696.396s][info][gc] GC(250) Pause Full (Allocation Failure) 247M->247M(247M) 1944.967ms
[2020-06-26T22:45:40.558+0300][698.194s][info][gc] GC(251) Pause Full (Allocation Failure) 247M->247M(247M) 1797.804ms
[2020-06-26T22:45:42.449+0300][700.086s][info][gc] GC(252) Pause Full (Allocation Failure) 247M->247M(247M) 1890.874ms
[2020-06-26T22:45:44.198+0300][701.835s][info][gc] GC(253) Pause Full (Allocation Failure) 247M->247M(247M) 1748.420ms
[2020-06-26T22:45:46.045+0300][703.682s][info][gc] GC(254) Pause Full (Allocation Failure) 247M->247M(247M) 1846.784ms
[2020-06-26T22:45:48.121+0300][705.757s][info][gc] GC(255) Pause Full (Allocation Failure) 247M->247M(247M) 2074.775ms
[2020-06-26T22:45:50.051+0300][707.688s][info][gc] GC(256) Pause Full (Allocation Failure) 247M->247M(247M) 1929.877ms
[2020-06-26T22:45:51.994+0300][709.630s][info][gc] GC(257) Pause Full (Allocation Failure) 247M->247M(247M) 1941.646ms
[2020-06-26T22:45:54.581+0300][712.218s][info][gc] GC(258) Pause Full (Allocation Failure) 247M->247M(247M) 2587.457ms
[2020-06-26T22:45:56.348+0300][713.984s][info][gc] GC(259) Pause Full (Allocation Failure) 247M->247M(247M) 1764.989ms
[2020-06-26T22:45:58.571+0300][716.207s][info][gc] GC(260) Pause Full (Allocation Failure) 247M->247M(247M) 2222.892ms
[2020-06-26T22:46:00.360+0300][717.997s][info][gc] GC(261) Pause Full (Allocation Failure) 247M->247M(247M) 1788.357ms
[2020-06-26T22:46:02.332+0300][719.969s][info][gc] GC(262) Pause Full (Allocation Failure) 247M->247M(247M) 1971.585ms
[2020-06-26T22:46:04.301+0300][721.937s][info][gc] GC(263) Pause Full (Allocation Failure) 247M->247M(247M) 1967.748ms
[2020-06-26T22:46:06.183+0300][723.819s][info][gc] GC(264) Pause Full (Allocation Failure) 247M->247M(247M) 1881.615ms
[2020-06-26T22:46:07.974+0300][725.611s][info][gc] GC(265) Pause Full (Allocation Failure) 247M->247M(247M) 1791.015ms
[2020-06-26T22:46:09.820+0300][727.457s][info][gc] GC(266) Pause Full (Allocation Failure) 247M->247M(247M) 1845.608ms
[2020-06-26T22:46:11.566+0300][729.202s][info][gc] GC(267) Pause Full (Allocation Failure) 247M->247M(247M) 1744.285ms
[2020-06-26T22:46:13.296+0300][730.932s][info][gc] GC(268) Pause Full (Allocation Failure) 247M->247M(247M) 1729.570ms
[2020-06-26T22:46:15.059+0300][732.696s][info][gc] GC(269) Pause Full (Allocation Failure) 247M->247M(247M) 1763.261ms
[2020-06-26T22:46:16.852+0300][734.489s][info][gc] GC(270) Pause Full (Allocation Failure) 247M->247M(247M) 1793.097ms
[2020-06-26T22:46:18.590+0300][736.226s][info][gc] GC(271) Pause Full (Allocation Failure) 247M->247M(247M) 1735.882ms
[2020-06-26T22:46:20.416+0300][738.052s][info][gc] GC(272) Pause Full (Allocation Failure) 247M->247M(247M) 1826.576ms
[2020-06-26T22:46:22.222+0300][739.858s][info][gc] GC(273) Pause Full (Allocation Failure) 247M->247M(247M) 1804.763ms
[2020-06-26T22:46:23.975+0300][741.611s][info][gc] GC(274) Pause Full (Allocation Failure) 247M->247M(247M) 1752.580ms
[2020-06-26T22:46:25.725+0300][743.362s][info][gc] GC(275) Pause Full (Allocation Failure) 247M->247M(247M) 1750.304ms
[2020-06-26T22:46:27.468+0300][745.104s][info][gc] GC(276) Pause Full (Allocation Failure) 247M->247M(247M) 1741.769ms
[2020-06-26T22:46:29.244+0300][746.881s][info][gc] GC(277) Pause Full (Allocation Failure) 247M->247M(247M) 1775.377ms
[2020-06-26T22:46:31.011+0300][748.647s][info][gc] GC(278) Pause Full (Allocation Failure) 247M->247M(247M) 1766.329ms
[2020-06-26T22:46:32.744+0300][750.381s][info][gc] GC(279) Pause Full (Allocation Failure) 247M->247M(247M) 1733.395ms
[2020-06-26T22:46:34.479+0300][752.115s][info][gc] GC(280) Pause Full (Allocation Failure) 247M->247M(247M) 1733.705ms
[2020-06-26T22:46:34.714+0300][752.350s][info][gc] GC(281) Pause Full (Allocation Failure) 247M->2M(247M) 234.575ms
